Archive member included to satisfy reference by file (symbol)

c:/armgcc/bin/../lib/gcc/arm-none-eabi/8.3.1/../../../../arm-none-eabi/lib/thumb/v7e-m+fp/hard\libg_nano.a(lib_a-exit.o)
                              c:/armgcc/bin/../lib/gcc/arm-none-eabi/8.3.1/../../../../arm-none-eabi/lib/thumb/v7e-m+fp/hard/crt0.o (exit)
c:/armgcc/bin/../lib/gcc/arm-none-eabi/8.3.1/../../../../arm-none-eabi/lib/thumb/v7e-m+fp/hard\libg_nano.a(lib_a-impure.o)
                              c:/armgcc/bin/../lib/gcc/arm-none-eabi/8.3.1/../../../../arm-none-eabi/lib/thumb/v7e-m+fp/hard\libg_nano.a(lib_a-exit.o) (_global_impure_ptr)
c:/armgcc/bin/../lib/gcc/arm-none-eabi/8.3.1/../../../../arm-none-eabi/lib/thumb/v7e-m+fp/hard\libg_nano.a(lib_a-init.o)
                              c:/armgcc/bin/../lib/gcc/arm-none-eabi/8.3.1/../../../../arm-none-eabi/lib/thumb/v7e-m+fp/hard/crt0.o (__libc_init_array)
c:/armgcc/bin/../lib/gcc/arm-none-eabi/8.3.1/../../../../arm-none-eabi/lib/thumb/v7e-m+fp/hard\libg_nano.a(lib_a-memcpy-stub.o)
                              CMakeFiles/nucleo_f767zi_ethernet.elf.dir/C_/serg/my/github/STM32/stm32f7lib/eth/eth_icmp.c.obj (memcpy)
c:/armgcc/bin/../lib/gcc/arm-none-eabi/8.3.1/../../../../arm-none-eabi/lib/thumb/v7e-m+fp/hard\libg_nano.a(lib_a-memset.o)
                              c:/armgcc/bin/../lib/gcc/arm-none-eabi/8.3.1/../../../../arm-none-eabi/lib/thumb/v7e-m+fp/hard/crt0.o (memset)
c:/armgcc/bin/../lib/gcc/arm-none-eabi/8.3.1/../../../../arm-none-eabi/lib/thumb/v7e-m+fp/hard\libg_nano.a(lib_a-strcpy.o)
                              CMakeFiles/nucleo_f767zi_ethernet.elf.dir/C_/serg/my/github/STM32/stm32f7lib/eth/eth_udp.c.obj (strcpy)
c:/armgcc/bin/../lib/gcc/arm-none-eabi/8.3.1/../../../../arm-none-eabi/lib/thumb/v7e-m+fp/hard\libg_nano.a(lib_a-strlen.o)
                              CMakeFiles/nucleo_f767zi_ethernet.elf.dir/C_/serg/my/github/STM32/stm32f7lib/eth/eth_udp.c.obj (strlen)
c:/armgcc/bin/../lib/gcc/arm-none-eabi/8.3.1/../../../../arm-none-eabi/lib/thumb/v7e-m+fp/hard\libg_nano.a(lib_a-vsprintf.o)
                              CMakeFiles/nucleo_f767zi_ethernet.elf.dir/C_/serg/my/github/STM32/stm32f7lib/uart.c.obj (vsprintf)
c:/armgcc/bin/../lib/gcc/arm-none-eabi/8.3.1/../../../../arm-none-eabi/lib/thumb/v7e-m+fp/hard\libg_nano.a(lib_a-nano-svfprintf.o)
                              c:/armgcc/bin/../lib/gcc/arm-none-eabi/8.3.1/../../../../arm-none-eabi/lib/thumb/v7e-m+fp/hard\libg_nano.a(lib_a-vsprintf.o) (_svfprintf_r)
c:/armgcc/bin/../lib/gcc/arm-none-eabi/8.3.1/../../../../arm-none-eabi/lib/thumb/v7e-m+fp/hard\libg_nano.a(lib_a-nano-vfprintf_i.o)
                              c:/armgcc/bin/../lib/gcc/arm-none-eabi/8.3.1/../../../../arm-none-eabi/lib/thumb/v7e-m+fp/hard\libg_nano.a(lib_a-nano-svfprintf.o) (_printf_i)
c:/armgcc/bin/../lib/gcc/arm-none-eabi/8.3.1/../../../../arm-none-eabi/lib/thumb/v7e-m+fp/hard\libg_nano.a(lib_a-memchr.o)
                              c:/armgcc/bin/../lib/gcc/arm-none-eabi/8.3.1/../../../../arm-none-eabi/lib/thumb/v7e-m+fp/hard\libg_nano.a(lib_a-nano-svfprintf.o) (memchr)
c:/armgcc/bin/../lib/gcc/arm-none-eabi/8.3.1/../../../../arm-none-eabi/lib/thumb/v7e-m+fp/hard\libg_nano.a(lib_a-memmove.o)
                              c:/armgcc/bin/../lib/gcc/arm-none-eabi/8.3.1/../../../../arm-none-eabi/lib/thumb/v7e-m+fp/hard\libg_nano.a(lib_a-nano-svfprintf.o) (memmove)
c:/armgcc/bin/../lib/gcc/arm-none-eabi/8.3.1/../../../../arm-none-eabi/lib/thumb/v7e-m+fp/hard\libg_nano.a(lib_a-nano-freer.o)
                              c:/armgcc/bin/../lib/gcc/arm-none-eabi/8.3.1/../../../../arm-none-eabi/lib/thumb/v7e-m+fp/hard\libg_nano.a(lib_a-nano-svfprintf.o) (_free_r)
c:/armgcc/bin/../lib/gcc/arm-none-eabi/8.3.1/../../../../arm-none-eabi/lib/thumb/v7e-m+fp/hard\libg_nano.a(lib_a-nano-mallocr.o)
                              c:/armgcc/bin/../lib/gcc/arm-none-eabi/8.3.1/../../../../arm-none-eabi/lib/thumb/v7e-m+fp/hard\libg_nano.a(lib_a-nano-svfprintf.o) (_malloc_r)
c:/armgcc/bin/../lib/gcc/arm-none-eabi/8.3.1/../../../../arm-none-eabi/lib/thumb/v7e-m+fp/hard\libg_nano.a(lib_a-nano-reallocr.o)
                              c:/armgcc/bin/../lib/gcc/arm-none-eabi/8.3.1/../../../../arm-none-eabi/lib/thumb/v7e-m+fp/hard\libg_nano.a(lib_a-nano-svfprintf.o) (_realloc_r)
c:/armgcc/bin/../lib/gcc/arm-none-eabi/8.3.1/../../../../arm-none-eabi/lib/thumb/v7e-m+fp/hard\libg_nano.a(lib_a-sbrkr.o)
                              c:/armgcc/bin/../lib/gcc/arm-none-eabi/8.3.1/../../../../arm-none-eabi/lib/thumb/v7e-m+fp/hard\libg_nano.a(lib_a-nano-mallocr.o) (_sbrk_r)
c:/armgcc/bin/../lib/gcc/arm-none-eabi/8.3.1/../../../../arm-none-eabi/lib/thumb/v7e-m+fp/hard\libg_nano.a(lib_a-mlock.o)
                              c:/armgcc/bin/../lib/gcc/arm-none-eabi/8.3.1/../../../../arm-none-eabi/lib/thumb/v7e-m+fp/hard\libg_nano.a(lib_a-nano-freer.o) (__malloc_lock)
c:/armgcc/bin/../lib/gcc/arm-none-eabi/8.3.1/../../../../arm-none-eabi/lib/thumb/v7e-m+fp/hard\libg_nano.a(lib_a-nano-msizer.o)
                              c:/armgcc/bin/../lib/gcc/arm-none-eabi/8.3.1/../../../../arm-none-eabi/lib/thumb/v7e-m+fp/hard\libg_nano.a(lib_a-nano-reallocr.o) (_malloc_usable_size_r)
c:/armgcc/bin/../lib/gcc/arm-none-eabi/8.3.1/../../../../arm-none-eabi/lib/thumb/v7e-m+fp/hard\libg_nano.a(lib_a-reent.o)
                              c:/armgcc/bin/../lib/gcc/arm-none-eabi/8.3.1/../../../../arm-none-eabi/lib/thumb/v7e-m+fp/hard\libg_nano.a(lib_a-sbrkr.o) (errno)
c:/armgcc/bin/../lib/gcc/arm-none-eabi/8.3.1/../../../../arm-none-eabi/lib/thumb/v7e-m+fp/hard\libg_nano.a(lib_a-lock.o)
                              c:/armgcc/bin/../lib/gcc/arm-none-eabi/8.3.1/../../../../arm-none-eabi/lib/thumb/v7e-m+fp/hard\libg_nano.a(lib_a-mlock.o) (__retarget_lock_acquire_recursive)
c:/armgcc/bin/../lib/gcc/arm-none-eabi/8.3.1/../../../../arm-none-eabi/lib/thumb/v7e-m+fp/hard\libnosys.a(sbrk.o)
                              c:/armgcc/bin/../lib/gcc/arm-none-eabi/8.3.1/../../../../arm-none-eabi/lib/thumb/v7e-m+fp/hard\libg_nano.a(lib_a-sbrkr.o) (_sbrk)
c:/armgcc/bin/../lib/gcc/arm-none-eabi/8.3.1/../../../../arm-none-eabi/lib/thumb/v7e-m+fp/hard\libnosys.a(_exit.o)
                              c:/armgcc/bin/../lib/gcc/arm-none-eabi/8.3.1/../../../../arm-none-eabi/lib/thumb/v7e-m+fp/hard\libg_nano.a(lib_a-exit.o) (_exit)

Allocating common symbols
Common symbol       size              file

__lock___atexit_recursive_mutex
                    0x1               c:/armgcc/bin/../lib/gcc/arm-none-eabi/8.3.1/../../../../arm-none-eabi/lib/thumb/v7e-m+fp/hard\libg_nano.a(lib_a-lock.o)
led_counter         0x4               CMakeFiles/nucleo_f767zi_ethernet.elf.dir/src/eth_handler.c.obj
__lock___arc4random_mutex
                    0x1               c:/armgcc/bin/../lib/gcc/arm-none-eabi/8.3.1/../../../../arm-none-eabi/lib/thumb/v7e-m+fp/hard\libg_nano.a(lib_a-lock.o)
errno               0x4               c:/armgcc/bin/../lib/gcc/arm-none-eabi/8.3.1/../../../../arm-none-eabi/lib/thumb/v7e-m+fp/hard\libg_nano.a(lib_a-reent.o)
Sys_Tick            0x4               CMakeFiles/nucleo_f767zi_ethernet.elf.dir/src/hal.c.obj
__lock___env_recursive_mutex
                    0x1               c:/armgcc/bin/../lib/gcc/arm-none-eabi/8.3.1/../../../../arm-none-eabi/lib/thumb/v7e-m+fp/hard\libg_nano.a(lib_a-lock.o)
__lock___sinit_recursive_mutex
                    0x1               c:/armgcc/bin/../lib/gcc/arm-none-eabi/8.3.1/../../../../arm-none-eabi/lib/thumb/v7e-m+fp/hard\libg_nano.a(lib_a-lock.o)
__lock___malloc_recursive_mutex
                    0x1               c:/armgcc/bin/../lib/gcc/arm-none-eabi/8.3.1/../../../../arm-none-eabi/lib/thumb/v7e-m+fp/hard\libg_nano.a(lib_a-lock.o)
ETHInstance         0x4c              CMakeFiles/nucleo_f767zi_ethernet.elf.dir/C_/serg/my/github/STM32/stm32f7lib/eth/eth.c.obj
__lock___at_quick_exit_mutex
                    0x1               c:/armgcc/bin/../lib/gcc/arm-none-eabi/8.3.1/../../../../arm-none-eabi/lib/thumb/v7e-m+fp/hard\libg_nano.a(lib_a-lock.o)
__lock___dd_hash_mutex
                    0x1               c:/armgcc/bin/../lib/gcc/arm-none-eabi/8.3.1/../../../../arm-none-eabi/lib/thumb/v7e-m+fp/hard\libg_nano.a(lib_a-lock.o)
__lock___tz_mutex   0x1               c:/armgcc/bin/../lib/gcc/arm-none-eabi/8.3.1/../../../../arm-none-eabi/lib/thumb/v7e-m+fp/hard\libg_nano.a(lib_a-lock.o)
__lock___sfp_recursive_mutex
                    0x1               c:/armgcc/bin/../lib/gcc/arm-none-eabi/8.3.1/../../../../arm-none-eabi/lib/thumb/v7e-m+fp/hard\libg_nano.a(lib_a-lock.o)

Discarded input sections

 .text          0x00000000        0x0 c:/armgcc/bin/../lib/gcc/arm-none-eabi/8.3.1/thumb/v7e-m+fp/hard/crti.o
 .data          0x00000000        0x0 c:/armgcc/bin/../lib/gcc/arm-none-eabi/8.3.1/thumb/v7e-m+fp/hard/crti.o
 .bss           0x00000000        0x0 c:/armgcc/bin/../lib/gcc/arm-none-eabi/8.3.1/thumb/v7e-m+fp/hard/crti.o
 .data          0x00000000        0x4 c:/armgcc/bin/../lib/gcc/arm-none-eabi/8.3.1/thumb/v7e-m+fp/hard/crtbegin.o
 .text          0x00000000       0x74 c:/armgcc/bin/../lib/gcc/arm-none-eabi/8.3.1/../../../../arm-none-eabi/lib/thumb/v7e-m+fp/hard/crt0.o
 .data          0x00000000        0x0 c:/armgcc/bin/../lib/gcc/arm-none-eabi/8.3.1/../../../../arm-none-eabi/lib/thumb/v7e-m+fp/hard/crt0.o
 .bss           0x00000000        0x0 c:/armgcc/bin/../lib/gcc/arm-none-eabi/8.3.1/../../../../arm-none-eabi/lib/thumb/v7e-m+fp/hard/crt0.o
 .ARM.extab     0x00000000        0x0 c:/armgcc/bin/../lib/gcc/arm-none-eabi/8.3.1/../../../../arm-none-eabi/lib/thumb/v7e-m+fp/hard/crt0.o
 .ARM.exidx     0x00000000        0x8 c:/armgcc/bin/../lib/gcc/arm-none-eabi/8.3.1/../../../../arm-none-eabi/lib/thumb/v7e-m+fp/hard/crt0.o
 .ARM.attributes
                0x00000000       0x1c c:/armgcc/bin/../lib/gcc/arm-none-eabi/8.3.1/../../../../arm-none-eabi/lib/thumb/v7e-m+fp/hard/crt0.o
 .text          0x00000000        0x0 CMakeFiles/nucleo_f767zi_ethernet.elf.dir/C_/serg/my/github/STM32/common_lib/queue.c.obj
 .data          0x00000000        0x0 CMakeFiles/nucleo_f767zi_ethernet.elf.dir/C_/serg/my/github/STM32/common_lib/queue.c.obj
 .bss           0x00000000        0x0 CMakeFiles/nucleo_f767zi_ethernet.elf.dir/C_/serg/my/github/STM32/common_lib/queue.c.obj
 .text          0x00000000        0x0 CMakeFiles/nucleo_f767zi_ethernet.elf.dir/C_/serg/my/github/STM32/stm32f7lib/eth/eth.c.obj
 .data          0x00000000        0x0 CMakeFiles/nucleo_f767zi_ethernet.elf.dir/C_/serg/my/github/STM32/stm32f7lib/eth/eth.c.obj
 .bss           0x00000000        0x0 CMakeFiles/nucleo_f767zi_ethernet.elf.dir/C_/serg/my/github/STM32/stm32f7lib/eth/eth.c.obj
 .text          0x00000000        0x0 CMakeFiles/nucleo_f767zi_ethernet.elf.dir/C_/serg/my/github/STM32/stm32f7lib/eth/eth_arp.c.obj
 .data          0x00000000        0x0 CMakeFiles/nucleo_f767zi_ethernet.elf.dir/C_/serg/my/github/STM32/stm32f7lib/eth/eth_arp.c.obj
 .bss           0x00000000        0x0 CMakeFiles/nucleo_f767zi_ethernet.elf.dir/C_/serg/my/github/STM32/stm32f7lib/eth/eth_arp.c.obj
 .text          0x00000000        0x0 CMakeFiles/nucleo_f767zi_ethernet.elf.dir/C_/serg/my/github/STM32/stm32f7lib/eth/eth_callbacks.c.obj
 .data          0x00000000        0x0 CMakeFiles/nucleo_f767zi_ethernet.elf.dir/C_/serg/my/github/STM32/stm32f7lib/eth/eth_callbacks.c.obj
 .bss           0x00000000        0x0 CMakeFiles/nucleo_f767zi_ethernet.elf.dir/C_/serg/my/github/STM32/stm32f7lib/eth/eth_callbacks.c.obj
 .text.ETH_UserRxCpltCallback
                0x00000000        0x2 CMakeFiles/nucleo_f767zi_ethernet.elf.dir/C_/serg/my/github/STM32/stm32f7lib/eth/eth_callbacks.c.obj
 .text          0x00000000        0x0 CMakeFiles/nucleo_f767zi_ethernet.elf.dir/C_/serg/my/github/STM32/stm32f7lib/eth/eth_icmp.c.obj
 .data          0x00000000        0x0 CMakeFiles/nucleo_f767zi_ethernet.elf.dir/C_/serg/my/github/STM32/stm32f7lib/eth/eth_icmp.c.obj
 .bss           0x00000000        0x0 CMakeFiles/nucleo_f767zi_ethernet.elf.dir/C_/serg/my/github/STM32/stm32f7lib/eth/eth_icmp.c.obj
 .text          0x00000000        0x0 CMakeFiles/nucleo_f767zi_ethernet.elf.dir/C_/serg/my/github/STM32/stm32f7lib/eth/eth_ipv4.c.obj
 .data          0x00000000        0x0 CMakeFiles/nucleo_f767zi_ethernet.elf.dir/C_/serg/my/github/STM32/stm32f7lib/eth/eth_ipv4.c.obj
 .bss           0x00000000        0x0 CMakeFiles/nucleo_f767zi_ethernet.elf.dir/C_/serg/my/github/STM32/stm32f7lib/eth/eth_ipv4.c.obj
 .text          0x00000000        0x0 CMakeFiles/nucleo_f767zi_ethernet.elf.dir/C_/serg/my/github/STM32/stm32f7lib/eth/eth_queue.c.obj
 .data          0x00000000        0x0 CMakeFiles/nucleo_f767zi_ethernet.elf.dir/C_/serg/my/github/STM32/stm32f7lib/eth/eth_queue.c.obj
 .bss           0x00000000        0x0 CMakeFiles/nucleo_f767zi_ethernet.elf.dir/C_/serg/my/github/STM32/stm32f7lib/eth/eth_queue.c.obj
 .text          0x00000000        0x0 CMakeFiles/nucleo_f767zi_ethernet.elf.dir/C_/serg/my/github/STM32/stm32f7lib/eth/eth_udp.c.obj
 .data          0x00000000        0x0 CMakeFiles/nucleo_f767zi_ethernet.elf.dir/C_/serg/my/github/STM32/stm32f7lib/eth/eth_udp.c.obj
 .bss           0x00000000        0x0 CMakeFiles/nucleo_f767zi_ethernet.elf.dir/C_/serg/my/github/STM32/stm32f7lib/eth/eth_udp.c.obj
 .text.ETH_UDP_Send
                0x00000000       0xc4 CMakeFiles/nucleo_f767zi_ethernet.elf.dir/C_/serg/my/github/STM32/stm32f7lib/eth/eth_udp.c.obj
 .text          0x00000000        0x0 CMakeFiles/nucleo_f767zi_ethernet.elf.dir/C_/serg/my/github/STM32/stm32f7lib/gpio.c.obj
 .data          0x00000000        0x0 CMakeFiles/nucleo_f767zi_ethernet.elf.dir/C_/serg/my/github/STM32/stm32f7lib/gpio.c.obj
 .bss           0x00000000        0x0 CMakeFiles/nucleo_f767zi_ethernet.elf.dir/C_/serg/my/github/STM32/stm32f7lib/gpio.c.obj
 .text.GPIO_DeInit
                0x00000000      0x13c CMakeFiles/nucleo_f767zi_ethernet.elf.dir/C_/serg/my/github/STM32/stm32f7lib/gpio.c.obj
 .text.GPIO_WritePin
                0x00000000        0xc CMakeFiles/nucleo_f767zi_ethernet.elf.dir/C_/serg/my/github/STM32/stm32f7lib/gpio.c.obj
 .text          0x00000000        0x0 CMakeFiles/nucleo_f767zi_ethernet.elf.dir/C_/serg/my/github/STM32/stm32f7lib/nvic.c.obj
 .data          0x00000000        0x0 CMakeFiles/nucleo_f767zi_ethernet.elf.dir/C_/serg/my/github/STM32/stm32f7lib/nvic.c.obj
 .bss           0x00000000        0x0 CMakeFiles/nucleo_f767zi_ethernet.elf.dir/C_/serg/my/github/STM32/stm32f7lib/nvic.c.obj
 .text.NVIC_PriorityGroupConfig
                0x00000000       0x14 CMakeFiles/nucleo_f767zi_ethernet.elf.dir/C_/serg/my/github/STM32/stm32f7lib/nvic.c.obj
 .text          0x00000000        0x0 CMakeFiles/nucleo_f767zi_ethernet.elf.dir/C_/serg/my/github/STM32/stm32f7lib/systick.c.obj
 .data          0x00000000        0x0 CMakeFiles/nucleo_f767zi_ethernet.elf.dir/C_/serg/my/github/STM32/stm32f7lib/systick.c.obj
 .bss           0x00000000        0x0 CMakeFiles/nucleo_f767zi_ethernet.elf.dir/C_/serg/my/github/STM32/stm32f7lib/systick.c.obj
 .text.systick_set_value
                0x00000000       0x10 CMakeFiles/nucleo_f767zi_ethernet.elf.dir/C_/serg/my/github/STM32/stm32f7lib/systick.c.obj
 .text.systick_get_value
                0x00000000        0xc CMakeFiles/nucleo_f767zi_ethernet.elf.dir/C_/serg/my/github/STM32/stm32f7lib/systick.c.obj
 .text.systick_get_countflag
                0x00000000       0x18 CMakeFiles/nucleo_f767zi_ethernet.elf.dir/C_/serg/my/github/STM32/stm32f7lib/systick.c.obj
 .text          0x00000000        0x0 CMakeFiles/nucleo_f767zi_ethernet.elf.dir/C_/serg/my/github/STM32/stm32f7lib/uart.c.obj
 .data          0x00000000        0x0 CMakeFiles/nucleo_f767zi_ethernet.elf.dir/C_/serg/my/github/STM32/stm32f7lib/uart.c.obj
 .bss           0x00000000        0x0 CMakeFiles/nucleo_f767zi_ethernet.elf.dir/C_/serg/my/github/STM32/stm32f7lib/uart.c.obj
 .text.UART_Transmit
                0x00000000       0x40 CMakeFiles/nucleo_f767zi_ethernet.elf.dir/C_/serg/my/github/STM32/stm32f7lib/uart.c.obj
 .text.UART_Receive
                0x00000000       0x14 CMakeFiles/nucleo_f767zi_ethernet.elf.dir/C_/serg/my/github/STM32/stm32f7lib/uart.c.obj
 .text.UART_Printf
                0x00000000       0x3c CMakeFiles/nucleo_f767zi_ethernet.elf.dir/C_/serg/my/github/STM32/stm32f7lib/uart.c.obj
 .bss.buffer.8822
                0x00000000       0xc9 CMakeFiles/nucleo_f767zi_ethernet.elf.dir/C_/serg/my/github/STM32/stm32f7lib/uart.c.obj
 .text          0x00000000        0x0 CMakeFiles/nucleo_f767zi_ethernet.elf.dir/src/eth_handler.c.obj
 .data          0x00000000        0x0 CMakeFiles/nucleo_f767zi_ethernet.elf.dir/src/eth_handler.c.obj
 .bss           0x00000000        0x0 CMakeFiles/nucleo_f767zi_ethernet.elf.dir/src/eth_handler.c.obj
 .text          0x00000000        0x0 CMakeFiles/nucleo_f767zi_ethernet.elf.dir/src/hal.c.obj
 .data          0x00000000        0x0 CMakeFiles/nucleo_f767zi_ethernet.elf.dir/src/hal.c.obj
 .bss           0x00000000        0x0 CMakeFiles/nucleo_f767zi_ethernet.elf.dir/src/hal.c.obj
 .text          0x00000000        0x0 CMakeFiles/nucleo_f767zi_ethernet.elf.dir/src/main.c.obj
 .data          0x00000000        0x0 CMakeFiles/nucleo_f767zi_ethernet.elf.dir/src/main.c.obj
 .bss           0x00000000        0x0 CMakeFiles/nucleo_f767zi_ethernet.elf.dir/src/main.c.obj
 .text          0x00000000       0x14 CMakeFiles/nucleo_f767zi_ethernet.elf.dir/src/startup_stm32f767xx.s.obj
 .data          0x00000000        0x0 CMakeFiles/nucleo_f767zi_ethernet.elf.dir/src/startup_stm32f767xx.s.obj
 .bss           0x00000000        0x0 CMakeFiles/nucleo_f767zi_ethernet.elf.dir/src/startup_stm32f767xx.s.obj
 .text          0x00000000        0x0 CMakeFiles/nucleo_f767zi_ethernet.elf.dir/src/system_init.c.obj
 .data          0x00000000        0x0 CMakeFiles/nucleo_f767zi_ethernet.elf.dir/src/system_init.c.obj
 .bss           0x00000000        0x0 CMakeFiles/nucleo_f767zi_ethernet.elf.dir/src/system_init.c.obj
 .text          0x00000000        0x0 c:/armgcc/bin/../lib/gcc/arm-none-eabi/8.3.1/../../../../arm-none-eabi/lib/thumb/v7e-m+fp/hard\libg_nano.a(lib_a-exit.o)
 .data          0x00000000        0x0 c:/armgcc/bin/../lib/gcc/arm-none-eabi/8.3.1/../../../../arm-none-eabi/lib/thumb/v7e-m+fp/hard\libg_nano.a(lib_a-exit.o)
 .bss           0x00000000        0x0 c:/armgcc/bin/../lib/gcc/arm-none-eabi/8.3.1/../../../../arm-none-eabi/lib/thumb/v7e-m+fp/hard\libg_nano.a(lib_a-exit.o)
 .text.exit     0x00000000       0x28 c:/armgcc/bin/../lib/gcc/arm-none-eabi/8.3.1/../../../../arm-none-eabi/lib/thumb/v7e-m+fp/hard\libg_nano.a(lib_a-exit.o)
 .debug_frame   0x00000000       0x28 c:/armgcc/bin/../lib/gcc/arm-none-eabi/8.3.1/../../../../arm-none-eabi/lib/thumb/v7e-m+fp/hard\libg_nano.a(lib_a-exit.o)
 .ARM.attributes
                0x00000000       0x34 c:/armgcc/bin/../lib/gcc/arm-none-eabi/8.3.1/../../../../arm-none-eabi/lib/thumb/v7e-m+fp/hard\libg_nano.a(lib_a-exit.o)
 .text          0x00000000        0x0 c:/armgcc/bin/../lib/gcc/arm-none-eabi/8.3.1/../../../../arm-none-eabi/lib/thumb/v7e-m+fp/hard\libg_nano.a(lib_a-impure.o)
 .data          0x00000000        0x0 c:/armgcc/bin/../lib/gcc/arm-none-eabi/8.3.1/../../../../arm-none-eabi/lib/thumb/v7e-m+fp/hard\libg_nano.a(lib_a-impure.o)
 .bss           0x00000000        0x0 c:/armgcc/bin/../lib/gcc/arm-none-eabi/8.3.1/../../../../arm-none-eabi/lib/thumb/v7e-m+fp/hard\libg_nano.a(lib_a-impure.o)
 .data._impure_ptr
                0x00000000        0x4 c:/armgcc/bin/../lib/gcc/arm-none-eabi/8.3.1/../../../../arm-none-eabi/lib/thumb/v7e-m+fp/hard\libg_nano.a(lib_a-impure.o)
 .data.impure_data
                0x00000000       0x60 c:/armgcc/bin/../lib/gcc/arm-none-eabi/8.3.1/../../../../arm-none-eabi/lib/thumb/v7e-m+fp/hard\libg_nano.a(lib_a-impure.o)
 .rodata._global_impure_ptr
                0x00000000        0x4 c:/armgcc/bin/../lib/gcc/arm-none-eabi/8.3.1/../../../../arm-none-eabi/lib/thumb/v7e-m+fp/hard\libg_nano.a(lib_a-impure.o)
 .ARM.attributes
                0x00000000       0x32 c:/armgcc/bin/../lib/gcc/arm-none-eabi/8.3.1/../../../../arm-none-eabi/lib/thumb/v7e-m+fp/hard\libg_nano.a(lib_a-impure.o)
 .text          0x00000000        0x0 c:/armgcc/bin/../lib/gcc/arm-none-eabi/8.3.1/../../../../arm-none-eabi/lib/thumb/v7e-m+fp/hard\libg_nano.a(lib_a-init.o)
 .data          0x00000000        0x0 c:/armgcc/bin/../lib/gcc/arm-none-eabi/8.3.1/../../../../arm-none-eabi/lib/thumb/v7e-m+fp/hard\libg_nano.a(lib_a-init.o)
 .bss           0x00000000        0x0 c:/armgcc/bin/../lib/gcc/arm-none-eabi/8.3.1/../../../../arm-none-eabi/lib/thumb/v7e-m+fp/hard\libg_nano.a(lib_a-init.o)
 .text          0x00000000        0x0 c:/armgcc/bin/../lib/gcc/arm-none-eabi/8.3.1/../../../../arm-none-eabi/lib/thumb/v7e-m+fp/hard\libg_nano.a(lib_a-memcpy-stub.o)
 .data          0x00000000        0x0 c:/armgcc/bin/../lib/gcc/arm-none-eabi/8.3.1/../../../../arm-none-eabi/lib/thumb/v7e-m+fp/hard\libg_nano.a(lib_a-memcpy-stub.o)
 .bss           0x00000000        0x0 c:/armgcc/bin/../lib/gcc/arm-none-eabi/8.3.1/../../../../arm-none-eabi/lib/thumb/v7e-m+fp/hard\libg_nano.a(lib_a-memcpy-stub.o)
 .text          0x00000000        0x0 c:/armgcc/bin/../lib/gcc/arm-none-eabi/8.3.1/../../../../arm-none-eabi/lib/thumb/v7e-m+fp/hard\libg_nano.a(lib_a-memset.o)
 .data          0x00000000        0x0 c:/armgcc/bin/../lib/gcc/arm-none-eabi/8.3.1/../../../../arm-none-eabi/lib/thumb/v7e-m+fp/hard\libg_nano.a(lib_a-memset.o)
 .bss           0x00000000        0x0 c:/armgcc/bin/../lib/gcc/arm-none-eabi/8.3.1/../../../../arm-none-eabi/lib/thumb/v7e-m+fp/hard\libg_nano.a(lib_a-memset.o)
 .text          0x00000000        0x0 c:/armgcc/bin/../lib/gcc/arm-none-eabi/8.3.1/../../../../arm-none-eabi/lib/thumb/v7e-m+fp/hard\libg_nano.a(lib_a-strcpy.o)
 .data          0x00000000        0x0 c:/armgcc/bin/../lib/gcc/arm-none-eabi/8.3.1/../../../../arm-none-eabi/lib/thumb/v7e-m+fp/hard\libg_nano.a(lib_a-strcpy.o)
 .bss           0x00000000        0x0 c:/armgcc/bin/../lib/gcc/arm-none-eabi/8.3.1/../../../../arm-none-eabi/lib/thumb/v7e-m+fp/hard\libg_nano.a(lib_a-strcpy.o)
 .data          0x00000000        0x0 c:/armgcc/bin/../lib/gcc/arm-none-eabi/8.3.1/../../../../arm-none-eabi/lib/thumb/v7e-m+fp/hard\libg_nano.a(lib_a-strlen.o)
 .bss           0x00000000        0x0 c:/armgcc/bin/../lib/gcc/arm-none-eabi/8.3.1/../../../../arm-none-eabi/lib/thumb/v7e-m+fp/hard\libg_nano.a(lib_a-strlen.o)
 .text          0x00000000        0x0 c:/armgcc/bin/../lib/gcc/arm-none-eabi/8.3.1/../../../../arm-none-eabi/lib/thumb/v7e-m+fp/hard\libg_nano.a(lib_a-vsprintf.o)
 .data          0x00000000        0x0 c:/armgcc/bin/../lib/gcc/arm-none-eabi/8.3.1/../../../../arm-none-eabi/lib/thumb/v7e-m+fp/hard\libg_nano.a(lib_a-vsprintf.o)
 .bss           0x00000000        0x0 c:/armgcc/bin/../lib/gcc/arm-none-eabi/8.3.1/../../../../arm-none-eabi/lib/thumb/v7e-m+fp/hard\libg_nano.a(lib_a-vsprintf.o)
 .text._vsprintf_r
                0x00000000       0x2c c:/armgcc/bin/../lib/gcc/arm-none-eabi/8.3.1/../../../../arm-none-eabi/lib/thumb/v7e-m+fp/hard\libg_nano.a(lib_a-vsprintf.o)
 .text.vsprintf
                0x00000000       0x14 c:/armgcc/bin/../lib/gcc/arm-none-eabi/8.3.1/../../../../arm-none-eabi/lib/thumb/v7e-m+fp/hard\libg_nano.a(lib_a-vsprintf.o)
 .debug_frame   0x00000000       0x3c c:/armgcc/bin/../lib/gcc/arm-none-eabi/8.3.1/../../../../arm-none-eabi/lib/thumb/v7e-m+fp/hard\libg_nano.a(lib_a-vsprintf.o)
 .ARM.attributes
                0x00000000       0x34 c:/armgcc/bin/../lib/gcc/arm-none-eabi/8.3.1/../../../../arm-none-eabi/lib/thumb/v7e-m+fp/hard\libg_nano.a(lib_a-vsprintf.o)
 .text          0x00000000        0x0 c:/armgcc/bin/../lib/gcc/arm-none-eabi/8.3.1/../../../../arm-none-eabi/lib/thumb/v7e-m+fp/hard\libg_nano.a(lib_a-nano-svfprintf.o)
 .data          0x00000000        0x0 c:/armgcc/bin/../lib/gcc/arm-none-eabi/8.3.1/../../../../arm-none-eabi/lib/thumb/v7e-m+fp/hard\libg_nano.a(lib_a-nano-svfprintf.o)
 .bss           0x00000000        0x0 c:/armgcc/bin/../lib/gcc/arm-none-eabi/8.3.1/../../../../arm-none-eabi/lib/thumb/v7e-m+fp/hard\libg_nano.a(lib_a-nano-svfprintf.o)
 .text.__ssputs_r
                0x00000000       0xb6 c:/armgcc/bin/../lib/gcc/arm-none-eabi/8.3.1/../../../../arm-none-eabi/lib/thumb/v7e-m+fp/hard\libg_nano.a(lib_a-nano-svfprintf.o)
 .text.__ssprint_r
                0x00000000       0xf0 c:/armgcc/bin/../lib/gcc/arm-none-eabi/8.3.1/../../../../arm-none-eabi/lib/thumb/v7e-m+fp/hard\libg_nano.a(lib_a-nano-svfprintf.o)
 .text._svfprintf_r
                0x00000000      0x1f0 c:/armgcc/bin/../lib/gcc/arm-none-eabi/8.3.1/../../../../arm-none-eabi/lib/thumb/v7e-m+fp/hard\libg_nano.a(lib_a-nano-svfprintf.o)
 .rodata._svfprintf_r.str1.1
                0x00000000       0x11 c:/armgcc/bin/../lib/gcc/arm-none-eabi/8.3.1/../../../../arm-none-eabi/lib/thumb/v7e-m+fp/hard\libg_nano.a(lib_a-nano-svfprintf.o)
 .debug_frame   0x00000000       0x90 c:/armgcc/bin/../lib/gcc/arm-none-eabi/8.3.1/../../../../arm-none-eabi/lib/thumb/v7e-m+fp/hard\libg_nano.a(lib_a-nano-svfprintf.o)
 .ARM.attributes
                0x00000000       0x34 c:/armgcc/bin/../lib/gcc/arm-none-eabi/8.3.1/../../../../arm-none-eabi/lib/thumb/v7e-m+fp/hard\libg_nano.a(lib_a-nano-svfprintf.o)
 .text          0x00000000        0x0 c:/armgcc/bin/../lib/gcc/arm-none-eabi/8.3.1/../../../../arm-none-eabi/lib/thumb/v7e-m+fp/hard\libg_nano.a(lib_a-nano-vfprintf_i.o)
 .data          0x00000000        0x0 c:/armgcc/bin/../lib/gcc/arm-none-eabi/8.3.1/../../../../arm-none-eabi/lib/thumb/v7e-m+fp/hard\libg_nano.a(lib_a-nano-vfprintf_i.o)
 .bss           0x00000000        0x0 c:/armgcc/bin/../lib/gcc/arm-none-eabi/8.3.1/../../../../arm-none-eabi/lib/thumb/v7e-m+fp/hard\libg_nano.a(lib_a-nano-vfprintf_i.o)
 .text._printf_common
                0x00000000       0xea c:/armgcc/bin/../lib/gcc/arm-none-eabi/8.3.1/../../../../arm-none-eabi/lib/thumb/v7e-m+fp/hard\libg_nano.a(lib_a-nano-vfprintf_i.o)
 .text._printf_i
                0x00000000      0x228 c:/armgcc/bin/../lib/gcc/arm-none-eabi/8.3.1/../../../../arm-none-eabi/lib/thumb/v7e-m+fp/hard\libg_nano.a(lib_a-nano-vfprintf_i.o)
 .rodata._printf_i.str1.1
                0x00000000       0x22 c:/armgcc/bin/../lib/gcc/arm-none-eabi/8.3.1/../../../../arm-none-eabi/lib/thumb/v7e-m+fp/hard\libg_nano.a(lib_a-nano-vfprintf_i.o)
 .debug_frame   0x00000000       0x60 c:/armgcc/bin/../lib/gcc/arm-none-eabi/8.3.1/../../../../arm-none-eabi/lib/thumb/v7e-m+fp/hard\libg_nano.a(lib_a-nano-vfprintf_i.o)
 .ARM.attributes
                0x00000000       0x34 c:/armgcc/bin/../lib/gcc/arm-none-eabi/8.3.1/../../../../arm-none-eabi/lib/thumb/v7e-m+fp/hard\libg_nano.a(lib_a-nano-vfprintf_i.o)
 .text          0x00000000       0xa0 c:/armgcc/bin/../lib/gcc/arm-none-eabi/8.3.1/../../../../arm-none-eabi/lib/thumb/v7e-m+fp/hard\libg_nano.a(lib_a-memchr.o)
 .data          0x00000000        0x0 c:/armgcc/bin/../lib/gcc/arm-none-eabi/8.3.1/../../../../arm-none-eabi/lib/thumb/v7e-m+fp/hard\libg_nano.a(lib_a-memchr.o)
 .bss           0x00000000        0x0 c:/armgcc/bin/../lib/gcc/arm-none-eabi/8.3.1/../../../../arm-none-eabi/lib/thumb/v7e-m+fp/hard\libg_nano.a(lib_a-memchr.o)
 .ARM.attributes
                0x00000000       0x1c c:/armgcc/bin/../lib/gcc/arm-none-eabi/8.3.1/../../../../arm-none-eabi/lib/thumb/v7e-m+fp/hard\libg_nano.a(lib_a-memchr.o)
 .text          0x00000000        0x0 c:/armgcc/bin/../lib/gcc/arm-none-eabi/8.3.1/../../../../arm-none-eabi/lib/thumb/v7e-m+fp/hard\libg_nano.a(lib_a-memmove.o)
 .data          0x00000000        0x0 c:/armgcc/bin/../lib/gcc/arm-none-eabi/8.3.1/../../../../arm-none-eabi/lib/thumb/v7e-m+fp/hard\libg_nano.a(lib_a-memmove.o)
 .bss           0x00000000        0x0 c:/armgcc/bin/../lib/gcc/arm-none-eabi/8.3.1/../../../../arm-none-eabi/lib/thumb/v7e-m+fp/hard\libg_nano.a(lib_a-memmove.o)
 .text.memmove  0x00000000       0x34 c:/armgcc/bin/../lib/gcc/arm-none-eabi/8.3.1/../../../../arm-none-eabi/lib/thumb/v7e-m+fp/hard\libg_nano.a(lib_a-memmove.o)
 .debug_frame   0x00000000       0x28 c:/armgcc/bin/../lib/gcc/arm-none-eabi/8.3.1/../../../../arm-none-eabi/lib/thumb/v7e-m+fp/hard\libg_nano.a(lib_a-memmove.o)
 .ARM.attributes
                0x00000000       0x34 c:/armgcc/bin/../lib/gcc/arm-none-eabi/8.3.1/../../../../arm-none-eabi/lib/thumb/v7e-m+fp/hard\libg_nano.a(lib_a-memmove.o)
 .text          0x00000000        0x0 c:/armgcc/bin/../lib/gcc/arm-none-eabi/8.3.1/../../../../arm-none-eabi/lib/thumb/v7e-m+fp/hard\libg_nano.a(lib_a-nano-freer.o)
 .data          0x00000000        0x0 c:/armgcc/bin/../lib/gcc/arm-none-eabi/8.3.1/../../../../arm-none-eabi/lib/thumb/v7e-m+fp/hard\libg_nano.a(lib_a-nano-freer.o)
 .bss           0x00000000        0x0 c:/armgcc/bin/../lib/gcc/arm-none-eabi/8.3.1/../../../../arm-none-eabi/lib/thumb/v7e-m+fp/hard\libg_nano.a(lib_a-nano-freer.o)
 .text._free_r  0x00000000       0x9c c:/armgcc/bin/../lib/gcc/arm-none-eabi/8.3.1/../../../../arm-none-eabi/lib/thumb/v7e-m+fp/hard\libg_nano.a(lib_a-nano-freer.o)
 .debug_frame   0x00000000       0x38 c:/armgcc/bin/../lib/gcc/arm-none-eabi/8.3.1/../../../../arm-none-eabi/lib/thumb/v7e-m+fp/hard\libg_nano.a(lib_a-nano-freer.o)
 .ARM.attributes
                0x00000000       0x34 c:/armgcc/bin/../lib/gcc/arm-none-eabi/8.3.1/../../../../arm-none-eabi/lib/thumb/v7e-m+fp/hard\libg_nano.a(lib_a-nano-freer.o)
 .text          0x00000000        0x0 c:/armgcc/bin/../lib/gcc/arm-none-eabi/8.3.1/../../../../arm-none-eabi/lib/thumb/v7e-m+fp/hard\libg_nano.a(lib_a-nano-mallocr.o)
 .data          0x00000000        0x0 c:/armgcc/bin/../lib/gcc/arm-none-eabi/8.3.1/../../../../arm-none-eabi/lib/thumb/v7e-m+fp/hard\libg_nano.a(lib_a-nano-mallocr.o)
 .bss           0x00000000        0x0 c:/armgcc/bin/../lib/gcc/arm-none-eabi/8.3.1/../../../../arm-none-eabi/lib/thumb/v7e-m+fp/hard\libg_nano.a(lib_a-nano-mallocr.o)
 .text._malloc_r
                0x00000000       0xb4 c:/armgcc/bin/../lib/gcc/arm-none-eabi/8.3.1/../../../../arm-none-eabi/lib/thumb/v7e-m+fp/hard\libg_nano.a(lib_a-nano-mallocr.o)
 .bss.__malloc_free_list
                0x00000000        0x4 c:/armgcc/bin/../lib/gcc/arm-none-eabi/8.3.1/../../../../arm-none-eabi/lib/thumb/v7e-m+fp/hard\libg_nano.a(lib_a-nano-mallocr.o)
 .bss.__malloc_sbrk_start
                0x00000000        0x4 c:/armgcc/bin/../lib/gcc/arm-none-eabi/8.3.1/../../../../arm-none-eabi/lib/thumb/v7e-m+fp/hard\libg_nano.a(lib_a-nano-mallocr.o)
 .debug_frame   0x00000000       0x30 c:/armgcc/bin/../lib/gcc/arm-none-eabi/8.3.1/../../../../arm-none-eabi/lib/thumb/v7e-m+fp/hard\libg_nano.a(lib_a-nano-mallocr.o)
 .ARM.attributes
                0x00000000       0x34 c:/armgcc/bin/../lib/gcc/arm-none-eabi/8.3.1/../../../../arm-none-eabi/lib/thumb/v7e-m+fp/hard\libg_nano.a(lib_a-nano-mallocr.o)
 .text          0x00000000        0x0 c:/armgcc/bin/../lib/gcc/arm-none-eabi/8.3.1/../../../../arm-none-eabi/lib/thumb/v7e-m+fp/hard\libg_nano.a(lib_a-nano-reallocr.o)
 .data          0x00000000        0x0 c:/armgcc/bin/../lib/gcc/arm-none-eabi/8.3.1/../../../../arm-none-eabi/lib/thumb/v7e-m+fp/hard\libg_nano.a(lib_a-nano-reallocr.o)
 .bss           0x00000000        0x0 c:/armgcc/bin/../lib/gcc/arm-none-eabi/8.3.1/../../../../arm-none-eabi/lib/thumb/v7e-m+fp/hard\libg_nano.a(lib_a-nano-reallocr.o)
 .text._realloc_r
                0x00000000       0x4c c:/armgcc/bin/../lib/gcc/arm-none-eabi/8.3.1/../../../../arm-none-eabi/lib/thumb/v7e-m+fp/hard\libg_nano.a(lib_a-nano-reallocr.o)
 .debug_frame   0x00000000       0x3c c:/armgcc/bin/../lib/gcc/arm-none-eabi/8.3.1/../../../../arm-none-eabi/lib/thumb/v7e-m+fp/hard\libg_nano.a(lib_a-nano-reallocr.o)
 .ARM.attributes
                0x00000000       0x34 c:/armgcc/bin/../lib/gcc/arm-none-eabi/8.3.1/../../../../arm-none-eabi/lib/thumb/v7e-m+fp/hard\libg_nano.a(lib_a-nano-reallocr.o)
 .text          0x00000000        0x0 c:/armgcc/bin/../lib/gcc/arm-none-eabi/8.3.1/../../../../arm-none-eabi/lib/thumb/v7e-m+fp/hard\libg_nano.a(lib_a-sbrkr.o)
 .data          0x00000000        0x0 c:/armgcc/bin/../lib/gcc/arm-none-eabi/8.3.1/../../../../arm-none-eabi/lib/thumb/v7e-m+fp/hard\libg_nano.a(lib_a-sbrkr.o)
 .bss           0x00000000        0x0 c:/armgcc/bin/../lib/gcc/arm-none-eabi/8.3.1/../../../../arm-none-eabi/lib/thumb/v7e-m+fp/hard\libg_nano.a(lib_a-sbrkr.o)
 .text._sbrk_r  0x00000000       0x20 c:/armgcc/bin/../lib/gcc/arm-none-eabi/8.3.1/../../../../arm-none-eabi/lib/thumb/v7e-m+fp/hard\libg_nano.a(lib_a-sbrkr.o)
 .debug_frame   0x00000000       0x2c c:/armgcc/bin/../lib/gcc/arm-none-eabi/8.3.1/../../../../arm-none-eabi/lib/thumb/v7e-m+fp/hard\libg_nano.a(lib_a-sbrkr.o)
 .ARM.attributes
                0x00000000       0x34 c:/armgcc/bin/../lib/gcc/arm-none-eabi/8.3.1/../../../../arm-none-eabi/lib/thumb/v7e-m+fp/hard\libg_nano.a(lib_a-sbrkr.o)
 .text          0x00000000        0x0 c:/armgcc/bin/../lib/gcc/arm-none-eabi/8.3.1/../../../../arm-none-eabi/lib/thumb/v7e-m+fp/hard\libg_nano.a(lib_a-mlock.o)
 .data          0x00000000        0x0 c:/armgcc/bin/../lib/gcc/arm-none-eabi/8.3.1/../../../../arm-none-eabi/lib/thumb/v7e-m+fp/hard\libg_nano.a(lib_a-mlock.o)
 .bss           0x00000000        0x0 c:/armgcc/bin/../lib/gcc/arm-none-eabi/8.3.1/../../../../arm-none-eabi/lib/thumb/v7e-m+fp/hard\libg_nano.a(lib_a-mlock.o)
 .text.__malloc_lock
                0x00000000        0xc c:/armgcc/bin/../lib/gcc/arm-none-eabi/8.3.1/../../../../arm-none-eabi/lib/thumb/v7e-m+fp/hard\libg_nano.a(lib_a-mlock.o)
 .text.__malloc_unlock
                0x00000000        0xc c:/armgcc/bin/../lib/gcc/arm-none-eabi/8.3.1/../../../../arm-none-eabi/lib/thumb/v7e-m+fp/hard\libg_nano.a(lib_a-mlock.o)
 .debug_frame   0x00000000       0x30 c:/armgcc/bin/../lib/gcc/arm-none-eabi/8.3.1/../../../../arm-none-eabi/lib/thumb/v7e-m+fp/hard\libg_nano.a(lib_a-mlock.o)
 .ARM.attributes
                0x00000000       0x34 c:/armgcc/bin/../lib/gcc/arm-none-eabi/8.3.1/../../../../arm-none-eabi/lib/thumb/v7e-m+fp/hard\libg_nano.a(lib_a-mlock.o)
 .text          0x00000000        0x0 c:/armgcc/bin/../lib/gcc/arm-none-eabi/8.3.1/../../../../arm-none-eabi/lib/thumb/v7e-m+fp/hard\libg_nano.a(lib_a-nano-msizer.o)
 .data          0x00000000        0x0 c:/armgcc/bin/../lib/gcc/arm-none-eabi/8.3.1/../../../../arm-none-eabi/lib/thumb/v7e-m+fp/hard\libg_nano.a(lib_a-nano-msizer.o)
 .bss           0x00000000        0x0 c:/armgcc/bin/../lib/gcc/arm-none-eabi/8.3.1/../../../../arm-none-eabi/lib/thumb/v7e-m+fp/hard\libg_nano.a(lib_a-nano-msizer.o)
 .text._malloc_usable_size_r
                0x00000000       0x10 c:/armgcc/bin/../lib/gcc/arm-none-eabi/8.3.1/../../../../arm-none-eabi/lib/thumb/v7e-m+fp/hard\libg_nano.a(lib_a-nano-msizer.o)
 .debug_frame   0x00000000       0x20 c:/armgcc/bin/../lib/gcc/arm-none-eabi/8.3.1/../../../../arm-none-eabi/lib/thumb/v7e-m+fp/hard\libg_nano.a(lib_a-nano-msizer.o)
 .ARM.attributes
                0x00000000       0x34 c:/armgcc/bin/../lib/gcc/arm-none-eabi/8.3.1/../../../../arm-none-eabi/lib/thumb/v7e-m+fp/hard\libg_nano.a(lib_a-nano-msizer.o)
 .text          0x00000000        0x0 c:/armgcc/bin/../lib/gcc/arm-none-eabi/8.3.1/../../../../arm-none-eabi/lib/thumb/v7e-m+fp/hard\libg_nano.a(lib_a-reent.o)
 .data          0x00000000        0x0 c:/armgcc/bin/../lib/gcc/arm-none-eabi/8.3.1/../../../../arm-none-eabi/lib/thumb/v7e-m+fp/hard\libg_nano.a(lib_a-reent.o)
 .bss           0x00000000        0x0 c:/armgcc/bin/../lib/gcc/arm-none-eabi/8.3.1/../../../../arm-none-eabi/lib/thumb/v7e-m+fp/hard\libg_nano.a(lib_a-reent.o)
 .text.cleanup_glue
                0x00000000       0x1a c:/armgcc/bin/../lib/gcc/arm-none-eabi/8.3.1/../../../../arm-none-eabi/lib/thumb/v7e-m+fp/hard\libg_nano.a(lib_a-reent.o)
 .text._reclaim_reent
                0x00000000       0xb8 c:/armgcc/bin/../lib/gcc/arm-none-eabi/8.3.1/../../../../arm-none-eabi/lib/thumb/v7e-m+fp/hard\libg_nano.a(lib_a-reent.o)
 .debug_frame   0x00000000       0x5c c:/armgcc/bin/../lib/gcc/arm-none-eabi/8.3.1/../../../../arm-none-eabi/lib/thumb/v7e-m+fp/hard\libg_nano.a(lib_a-reent.o)
 .ARM.attributes
                0x00000000       0x34 c:/armgcc/bin/../lib/gcc/arm-none-eabi/8.3.1/../../../../arm-none-eabi/lib/thumb/v7e-m+fp/hard\libg_nano.a(lib_a-reent.o)
 COMMON         0x00000000        0x4 c:/armgcc/bin/../lib/gcc/arm-none-eabi/8.3.1/../../../../arm-none-eabi/lib/thumb/v7e-m+fp/hard\libg_nano.a(lib_a-reent.o)
 .text          0x00000000        0x0 c:/armgcc/bin/../lib/gcc/arm-none-eabi/8.3.1/../../../../arm-none-eabi/lib/thumb/v7e-m+fp/hard\libg_nano.a(lib_a-lock.o)
 .data          0x00000000        0x0 c:/armgcc/bin/../lib/gcc/arm-none-eabi/8.3.1/../../../../arm-none-eabi/lib/thumb/v7e-m+fp/hard\libg_nano.a(lib_a-lock.o)
 .bss           0x00000000        0x0 c:/armgcc/bin/../lib/gcc/arm-none-eabi/8.3.1/../../../../arm-none-eabi/lib/thumb/v7e-m+fp/hard\libg_nano.a(lib_a-lock.o)
 .text.__retarget_lock_init
                0x00000000        0x2 c:/armgcc/bin/../lib/gcc/arm-none-eabi/8.3.1/../../../../arm-none-eabi/lib/thumb/v7e-m+fp/hard\libg_nano.a(lib_a-lock.o)
 .text.__retarget_lock_init_recursive
                0x00000000        0x2 c:/armgcc/bin/../lib/gcc/arm-none-eabi/8.3.1/../../../../arm-none-eabi/lib/thumb/v7e-m+fp/hard\libg_nano.a(lib_a-lock.o)
 .text.__retarget_lock_close
                0x00000000        0x2 c:/armgcc/bin/../lib/gcc/arm-none-eabi/8.3.1/../../../../arm-none-eabi/lib/thumb/v7e-m+fp/hard\libg_nano.a(lib_a-lock.o)
 .text.__retarget_lock_close_recursive
                0x00000000        0x2 c:/armgcc/bin/../lib/gcc/arm-none-eabi/8.3.1/../../../../arm-none-eabi/lib/thumb/v7e-m+fp/hard\libg_nano.a(lib_a-lock.o)
 .text.__retarget_lock_acquire
                0x00000000        0x2 c:/armgcc/bin/../lib/gcc/arm-none-eabi/8.3.1/../../../../arm-none-eabi/lib/thumb/v7e-m+fp/hard\libg_nano.a(lib_a-lock.o)
 .text.__retarget_lock_acquire_recursive
                0x00000000        0x2 c:/armgcc/bin/../lib/gcc/arm-none-eabi/8.3.1/../../../../arm-none-eabi/lib/thumb/v7e-m+fp/hard\libg_nano.a(lib_a-lock.o)
 .text.__retarget_lock_try_acquire
                0x00000000        0x4 c:/armgcc/bin/../lib/gcc/arm-none-eabi/8.3.1/../../../../arm-none-eabi/lib/thumb/v7e-m+fp/hard\libg_nano.a(lib_a-lock.o)
 .text.__retarget_lock_try_acquire_recursive
                0x00000000        0x4 c:/armgcc/bin/../lib/gcc/arm-none-eabi/8.3.1/../../../../arm-none-eabi/lib/thumb/v7e-m+fp/hard\libg_nano.a(lib_a-lock.o)
 .text.__retarget_lock_release
                0x00000000        0x2 c:/armgcc/bin/../lib/gcc/arm-none-eabi/8.3.1/../../../../arm-none-eabi/lib/thumb/v7e-m+fp/hard\libg_nano.a(lib_a-lock.o)
 .text.__retarget_lock_release_recursive
                0x00000000        0x2 c:/armgcc/bin/../lib/gcc/arm-none-eabi/8.3.1/../../../../arm-none-eabi/lib/thumb/v7e-m+fp/hard\libg_nano.a(lib_a-lock.o)
 .debug_frame   0x00000000       0xb0 c:/armgcc/bin/../lib/gcc/arm-none-eabi/8.3.1/../../../../arm-none-eabi/lib/thumb/v7e-m+fp/hard\libg_nano.a(lib_a-lock.o)
 .ARM.attributes
                0x00000000       0x34 c:/armgcc/bin/../lib/gcc/arm-none-eabi/8.3.1/../../../../arm-none-eabi/lib/thumb/v7e-m+fp/hard\libg_nano.a(lib_a-lock.o)
 COMMON         0x00000000        0x9 c:/armgcc/bin/../lib/gcc/arm-none-eabi/8.3.1/../../../../arm-none-eabi/lib/thumb/v7e-m+fp/hard\libg_nano.a(lib_a-lock.o)
 .text          0x00000000        0x0 c:/armgcc/bin/../lib/gcc/arm-none-eabi/8.3.1/../../../../arm-none-eabi/lib/thumb/v7e-m+fp/hard\libnosys.a(sbrk.o)
 .data          0x00000000        0x0 c:/armgcc/bin/../lib/gcc/arm-none-eabi/8.3.1/../../../../arm-none-eabi/lib/thumb/v7e-m+fp/hard\libnosys.a(sbrk.o)
 .bss           0x00000000        0x0 c:/armgcc/bin/../lib/gcc/arm-none-eabi/8.3.1/../../../../arm-none-eabi/lib/thumb/v7e-m+fp/hard\libnosys.a(sbrk.o)
 .text._sbrk    0x00000000       0x1c c:/armgcc/bin/../lib/gcc/arm-none-eabi/8.3.1/../../../../arm-none-eabi/lib/thumb/v7e-m+fp/hard\libnosys.a(sbrk.o)
 .bss.heap_end.5501
                0x00000000        0x4 c:/armgcc/bin/../lib/gcc/arm-none-eabi/8.3.1/../../../../arm-none-eabi/lib/thumb/v7e-m+fp/hard\libnosys.a(sbrk.o)
 .debug_frame   0x00000000       0x20 c:/armgcc/bin/../lib/gcc/arm-none-eabi/8.3.1/../../../../arm-none-eabi/lib/thumb/v7e-m+fp/hard\libnosys.a(sbrk.o)
 .ARM.attributes
                0x00000000       0x34 c:/armgcc/bin/../lib/gcc/arm-none-eabi/8.3.1/../../../../arm-none-eabi/lib/thumb/v7e-m+fp/hard\libnosys.a(sbrk.o)
 .text          0x00000000        0x0 c:/armgcc/bin/../lib/gcc/arm-none-eabi/8.3.1/../../../../arm-none-eabi/lib/thumb/v7e-m+fp/hard\libnosys.a(_exit.o)
 .data          0x00000000        0x0 c:/armgcc/bin/../lib/gcc/arm-none-eabi/8.3.1/../../../../arm-none-eabi/lib/thumb/v7e-m+fp/hard\libnosys.a(_exit.o)
 .bss           0x00000000        0x0 c:/armgcc/bin/../lib/gcc/arm-none-eabi/8.3.1/../../../../arm-none-eabi/lib/thumb/v7e-m+fp/hard\libnosys.a(_exit.o)
 .text._exit    0x00000000        0x4 c:/armgcc/bin/../lib/gcc/arm-none-eabi/8.3.1/../../../../arm-none-eabi/lib/thumb/v7e-m+fp/hard\libnosys.a(_exit.o)
 .debug_frame   0x00000000       0x20 c:/armgcc/bin/../lib/gcc/arm-none-eabi/8.3.1/../../../../arm-none-eabi/lib/thumb/v7e-m+fp/hard\libnosys.a(_exit.o)
 .ARM.attributes
                0x00000000       0x34 c:/armgcc/bin/../lib/gcc/arm-none-eabi/8.3.1/../../../../arm-none-eabi/lib/thumb/v7e-m+fp/hard\libnosys.a(_exit.o)
 .text          0x00000000        0x0 c:/armgcc/bin/../lib/gcc/arm-none-eabi/8.3.1/thumb/v7e-m+fp/hard/crtend.o
 .data          0x00000000        0x0 c:/armgcc/bin/../lib/gcc/arm-none-eabi/8.3.1/thumb/v7e-m+fp/hard/crtend.o
 .bss           0x00000000        0x0 c:/armgcc/bin/../lib/gcc/arm-none-eabi/8.3.1/thumb/v7e-m+fp/hard/crtend.o
 .eh_frame      0x00000000        0x4 c:/armgcc/bin/../lib/gcc/arm-none-eabi/8.3.1/thumb/v7e-m+fp/hard/crtend.o
 .ARM.attributes
                0x00000000       0x32 c:/armgcc/bin/../lib/gcc/arm-none-eabi/8.3.1/thumb/v7e-m+fp/hard/crtend.o
 .text          0x00000000        0x0 c:/armgcc/bin/../lib/gcc/arm-none-eabi/8.3.1/thumb/v7e-m+fp/hard/crtn.o
 .data          0x00000000        0x0 c:/armgcc/bin/../lib/gcc/arm-none-eabi/8.3.1/thumb/v7e-m+fp/hard/crtn.o
 .bss           0x00000000        0x0 c:/armgcc/bin/../lib/gcc/arm-none-eabi/8.3.1/thumb/v7e-m+fp/hard/crtn.o

Memory Configuration

Name             Origin             Length             Attributes
FAST_RAM         0x20000000         0x00020000         xrw
RAM              0x20020000         0x00060000         xrw
FLASH            0x08000000         0x00200000         xr
*default*        0x00000000         0xffffffff

Linker script and memory map

LOAD c:/armgcc/bin/../lib/gcc/arm-none-eabi/8.3.1/thumb/v7e-m+fp/hard/crti.o
LOAD c:/armgcc/bin/../lib/gcc/arm-none-eabi/8.3.1/thumb/v7e-m+fp/hard/crtbegin.o
LOAD c:/armgcc/bin/../lib/gcc/arm-none-eabi/8.3.1/../../../../arm-none-eabi/lib/thumb/v7e-m+fp/hard/crt0.o
LOAD CMakeFiles/nucleo_f767zi_ethernet.elf.dir/C_/serg/my/github/STM32/common_lib/queue.c.obj
LOAD CMakeFiles/nucleo_f767zi_ethernet.elf.dir/C_/serg/my/github/STM32/stm32f7lib/eth/eth.c.obj
LOAD CMakeFiles/nucleo_f767zi_ethernet.elf.dir/C_/serg/my/github/STM32/stm32f7lib/eth/eth_arp.c.obj
LOAD CMakeFiles/nucleo_f767zi_ethernet.elf.dir/C_/serg/my/github/STM32/stm32f7lib/eth/eth_callbacks.c.obj
LOAD CMakeFiles/nucleo_f767zi_ethernet.elf.dir/C_/serg/my/github/STM32/stm32f7lib/eth/eth_icmp.c.obj
LOAD CMakeFiles/nucleo_f767zi_ethernet.elf.dir/C_/serg/my/github/STM32/stm32f7lib/eth/eth_ipv4.c.obj
LOAD CMakeFiles/nucleo_f767zi_ethernet.elf.dir/C_/serg/my/github/STM32/stm32f7lib/eth/eth_queue.c.obj
LOAD CMakeFiles/nucleo_f767zi_ethernet.elf.dir/C_/serg/my/github/STM32/stm32f7lib/eth/eth_udp.c.obj
LOAD CMakeFiles/nucleo_f767zi_ethernet.elf.dir/C_/serg/my/github/STM32/stm32f7lib/gpio.c.obj
LOAD CMakeFiles/nucleo_f767zi_ethernet.elf.dir/C_/serg/my/github/STM32/stm32f7lib/nvic.c.obj
LOAD CMakeFiles/nucleo_f767zi_ethernet.elf.dir/C_/serg/my/github/STM32/stm32f7lib/systick.c.obj
LOAD CMakeFiles/nucleo_f767zi_ethernet.elf.dir/C_/serg/my/github/STM32/stm32f7lib/uart.c.obj
LOAD CMakeFiles/nucleo_f767zi_ethernet.elf.dir/src/eth_handler.c.obj
LOAD CMakeFiles/nucleo_f767zi_ethernet.elf.dir/src/hal.c.obj
LOAD CMakeFiles/nucleo_f767zi_ethernet.elf.dir/src/main.c.obj
LOAD CMakeFiles/nucleo_f767zi_ethernet.elf.dir/src/startup_stm32f767xx.s.obj
LOAD CMakeFiles/nucleo_f767zi_ethernet.elf.dir/src/system_init.c.obj
START GROUP
LOAD c:/armgcc/bin/../lib/gcc/arm-none-eabi/8.3.1/thumb/v7e-m+fp/hard\libgcc.a
LOAD c:/armgcc/bin/../lib/gcc/arm-none-eabi/8.3.1/../../../../arm-none-eabi/lib/thumb/v7e-m+fp/hard\libg_nano.a
LOAD c:/armgcc/bin/../lib/gcc/arm-none-eabi/8.3.1/../../../../arm-none-eabi/lib/thumb/v7e-m+fp/hard\libc_nano.a
END GROUP
START GROUP
LOAD c:/armgcc/bin/../lib/gcc/arm-none-eabi/8.3.1/thumb/v7e-m+fp/hard\libgcc.a
LOAD c:/armgcc/bin/../lib/gcc/arm-none-eabi/8.3.1/../../../../arm-none-eabi/lib/thumb/v7e-m+fp/hard\libc_nano.a
LOAD c:/armgcc/bin/../lib/gcc/arm-none-eabi/8.3.1/../../../../arm-none-eabi/lib/thumb/v7e-m+fp/hard\libnosys.a
END GROUP
START GROUP
LOAD c:/armgcc/bin/../lib/gcc/arm-none-eabi/8.3.1/thumb/v7e-m+fp/hard\libgcc.a
LOAD c:/armgcc/bin/../lib/gcc/arm-none-eabi/8.3.1/../../../../arm-none-eabi/lib/thumb/v7e-m+fp/hard\libc_nano.a
LOAD c:/armgcc/bin/../lib/gcc/arm-none-eabi/8.3.1/../../../../arm-none-eabi/lib/thumb/v7e-m+fp/hard\libnosys.a
END GROUP
LOAD c:/armgcc/bin/../lib/gcc/arm-none-eabi/8.3.1/thumb/v7e-m+fp/hard/crtend.o
LOAD c:/armgcc/bin/../lib/gcc/arm-none-eabi/8.3.1/thumb/v7e-m+fp/hard/crtn.o
                0x20080000                _estack = 0x20080000
                0x00000000                _Min_Heap_Size = 0x0
                0x00000400                _Min_Stack_Size = 0x400

.isr_vector     0x08000000      0x1f8
                0x08000000                . = ALIGN (0x4)
 *(.isr_vector)
 .isr_vector    0x08000000      0x1f8 CMakeFiles/nucleo_f767zi_ethernet.elf.dir/src/startup_stm32f767xx.s.obj
                0x08000000                g_pfnVectors
                0x080001f8                . = ALIGN (0x4)

.ETHBuffers     0x20000000     0x6690
                0x20000000                . = ALIGN (0x4)
 *(.DMA*)
 .DMARxSection  0x20000000       0x80 CMakeFiles/nucleo_f767zi_ethernet.elf.dir/src/main.c.obj
                0x20000000                DMARxDscrTab
 .DMATxSection  0x20000080       0x80 CMakeFiles/nucleo_f767zi_ethernet.elf.dir/src/main.c.obj
                0x20000080                DMATxDscrTab
 *(.ETH*)
 .ETHQueueSection
                0x20000100      0x600 CMakeFiles/nucleo_f767zi_ethernet.elf.dir/C_/serg/my/github/STM32/stm32f7lib/eth/eth_arp.c.obj
                0x20000100                arp_table
 .ETHQueueSection
                0x20000700     0x2ff0 CMakeFiles/nucleo_f767zi_ethernet.elf.dir/C_/serg/my/github/STM32/stm32f7lib/eth/eth_queue.c.obj
                0x20000700                eth_irq_queue
                0x20000718                eth_irq_message_sizes
                0x20000728                eth_user_queue
                0x20000740                eth_user_message_sizes
                0x20000750                eth_user_buffer
                0x20001f20                eth_irq_buffer
 .ETHRxSection  0x200036f0     0x2fa0 CMakeFiles/nucleo_f767zi_ethernet.elf.dir/src/main.c.obj
                0x200036f0                Tx_Buff
                0x20004ec0                Rx_Buff

.text           0x080001f8     0x18c8
                0x080001f8                . = ALIGN (0x4)
 *(.text)
 .text          0x080001f8       0x40 c:/armgcc/bin/../lib/gcc/arm-none-eabi/8.3.1/thumb/v7e-m+fp/hard/crtbegin.o
 .text          0x08000238       0x10 c:/armgcc/bin/../lib/gcc/arm-none-eabi/8.3.1/../../../../arm-none-eabi/lib/thumb/v7e-m+fp/hard\libg_nano.a(lib_a-strlen.o)
                0x08000238                strlen
 *(.text*)
 .text.queue_init
                0x08000248       0x12 CMakeFiles/nucleo_f767zi_ethernet.elf.dir/C_/serg/my/github/STM32/common_lib/queue.c.obj
                0x08000248                queue_init
 .text.queue_poll
                0x0800025a       0x32 CMakeFiles/nucleo_f767zi_ethernet.elf.dir/C_/serg/my/github/STM32/common_lib/queue.c.obj
                0x0800025a                queue_poll
 .text.queue_peekTx
                0x0800028c        0xc CMakeFiles/nucleo_f767zi_ethernet.elf.dir/C_/serg/my/github/STM32/common_lib/queue.c.obj
                0x0800028c                queue_peekTx
 .text.queue_add
                0x08000298       0x16 CMakeFiles/nucleo_f767zi_ethernet.elf.dir/C_/serg/my/github/STM32/common_lib/queue.c.obj
                0x08000298                queue_add
 *fill*         0x080002ae        0x2 
 .text.ETH_ReadPHYRegister
                0x080002b0       0x70 CMakeFiles/nucleo_f767zi_ethernet.elf.dir/C_/serg/my/github/STM32/stm32f7lib/eth/eth.c.obj
 .text.ETH_WritePHYRegister
                0x08000320       0x6c CMakeFiles/nucleo_f767zi_ethernet.elf.dir/C_/serg/my/github/STM32/stm32f7lib/eth/eth.c.obj
 .text.ETH_MACAddressConfig
                0x0800038c       0x30 CMakeFiles/nucleo_f767zi_ethernet.elf.dir/C_/serg/my/github/STM32/stm32f7lib/eth/eth.c.obj
 .text.ETH_DMATransmissionEnable
                0x080003bc       0x18 CMakeFiles/nucleo_f767zi_ethernet.elf.dir/C_/serg/my/github/STM32/stm32f7lib/eth/eth.c.obj
 .text.ETH_DMAReceptionEnable
                0x080003d4       0x18 CMakeFiles/nucleo_f767zi_ethernet.elf.dir/C_/serg/my/github/STM32/stm32f7lib/eth/eth.c.obj
 .text.ETH_MACDMAConfig
                0x080003ec      0x104 CMakeFiles/nucleo_f767zi_ethernet.elf.dir/C_/serg/my/github/STM32/stm32f7lib/eth/eth.c.obj
 .text.ETH_MACTransmissionEnable
                0x080004f0       0x2c CMakeFiles/nucleo_f767zi_ethernet.elf.dir/C_/serg/my/github/STM32/stm32f7lib/eth/eth.c.obj
 .text.ETH_MACReceptionEnable
                0x0800051c       0x2c CMakeFiles/nucleo_f767zi_ethernet.elf.dir/C_/serg/my/github/STM32/stm32f7lib/eth/eth.c.obj
 .text.ETH_FlushTransmitFIFO
                0x08000548       0x2c CMakeFiles/nucleo_f767zi_ethernet.elf.dir/C_/serg/my/github/STM32/stm32f7lib/eth/eth.c.obj
 .text.ETH_Init
                0x08000574      0x190 CMakeFiles/nucleo_f767zi_ethernet.elf.dir/C_/serg/my/github/STM32/stm32f7lib/eth/eth.c.obj
                0x08000574                ETH_Init
 .text.ETH_DMATxDescListInit
                0x08000704       0x68 CMakeFiles/nucleo_f767zi_ethernet.elf.dir/C_/serg/my/github/STM32/stm32f7lib/eth/eth.c.obj
                0x08000704                ETH_DMATxDescListInit
 .text.ETH_DMARxDescListInit
                0x0800076c       0x5c CMakeFiles/nucleo_f767zi_ethernet.elf.dir/C_/serg/my/github/STM32/stm32f7lib/eth/eth.c.obj
                0x0800076c                ETH_DMARxDescListInit
 .text.ETH_Start
                0x080007c8       0x2c CMakeFiles/nucleo_f767zi_ethernet.elf.dir/C_/serg/my/github/STM32/stm32f7lib/eth/eth.c.obj
                0x080007c8                ETH_Start
 .text.ETH_GetReceivedFrame_IT
                0x080007f4       0x8c CMakeFiles/nucleo_f767zi_ethernet.elf.dir/C_/serg/my/github/STM32/stm32f7lib/eth/eth.c.obj
                0x080007f4                ETH_GetReceivedFrame_IT
 .text.ETH_TransmitFrame
                0x08000880      0x114 CMakeFiles/nucleo_f767zi_ethernet.elf.dir/C_/serg/my/github/STM32/stm32f7lib/eth/eth.c.obj
                0x08000880                ETH_TransmitFrame
 .text.ETH_InterruptHandler
                0x08000994       0x88 CMakeFiles/nucleo_f767zi_ethernet.elf.dir/C_/serg/my/github/STM32/stm32f7lib/eth/eth.c.obj
                0x08000994                ETH_InterruptHandler
 .text.ETH_Swap
                0x08000a1c        0xa CMakeFiles/nucleo_f767zi_ethernet.elf.dir/C_/serg/my/github/STM32/stm32f7lib/eth/eth.c.obj
                0x08000a1c                ETH_Swap
 *fill*         0x08000a26        0x2 
 .text.ETH_ARP_Handler
                0x08000a28       0xb4 CMakeFiles/nucleo_f767zi_ethernet.elf.dir/C_/serg/my/github/STM32/stm32f7lib/eth/eth_arp.c.obj
                0x08000a28                ETH_ARP_Handler
 .text.ETH_UpdateArpTable
                0x08000adc       0x30 CMakeFiles/nucleo_f767zi_ethernet.elf.dir/C_/serg/my/github/STM32/stm32f7lib/eth/eth_arp.c.obj
                0x08000adc                ETH_UpdateArpTable
 .text.ETH_GetHWAddr
                0x08000b0c       0x14 CMakeFiles/nucleo_f767zi_ethernet.elf.dir/C_/serg/my/github/STM32/stm32f7lib/eth/eth_arp.c.obj
                0x08000b0c                ETH_GetHWAddr
 .text.ETH_RxCpltCallback
                0x08000b20       0x70 CMakeFiles/nucleo_f767zi_ethernet.elf.dir/C_/serg/my/github/STM32/stm32f7lib/eth/eth_callbacks.c.obj
                0x08000b20                ETH_RxCpltCallback
 .text.ETH_TxCpltCallback
                0x08000b90        0x2 CMakeFiles/nucleo_f767zi_ethernet.elf.dir/C_/serg/my/github/STM32/stm32f7lib/eth/eth_callbacks.c.obj
                0x08000b90                ETH_TxCpltCallback
 .text.ETH_ErrorCallback
                0x08000b92        0x2 CMakeFiles/nucleo_f767zi_ethernet.elf.dir/C_/serg/my/github/STM32/stm32f7lib/eth/eth_callbacks.c.obj
                0x08000b92                ETH_ErrorCallback
 .text.ETH_ICMP_Handler
                0x08000b94       0xb8 CMakeFiles/nucleo_f767zi_ethernet.elf.dir/C_/serg/my/github/STM32/stm32f7lib/eth/eth_icmp.c.obj
                0x08000b94                ETH_ICMP_Handler
 .text.ETH_IPV4_Handler
                0x08000c4c       0x70 CMakeFiles/nucleo_f767zi_ethernet.elf.dir/C_/serg/my/github/STM32/stm32f7lib/eth/eth_ipv4.c.obj
                0x08000c4c                ETH_IPV4_Handler
 .text.ETH_IRQ_QueueInit
                0x08000cbc       0x28 CMakeFiles/nucleo_f767zi_ethernet.elf.dir/C_/serg/my/github/STM32/stm32f7lib/eth/eth_queue.c.obj
                0x08000cbc                ETH_IRQ_QueueInit
 .text.ETH_IRQ_QueuePoll
                0x08000ce4       0x10 CMakeFiles/nucleo_f767zi_ethernet.elf.dir/C_/serg/my/github/STM32/stm32f7lib/eth/eth_queue.c.obj
                0x08000ce4                ETH_IRQ_QueuePoll
 .text.ETH_USER_QueueInit
                0x08000cf4       0x28 CMakeFiles/nucleo_f767zi_ethernet.elf.dir/C_/serg/my/github/STM32/stm32f7lib/eth/eth_queue.c.obj
                0x08000cf4                ETH_USER_QueueInit
 .text.ETH_USER_QueuePoll
                0x08000d1c       0x10 CMakeFiles/nucleo_f767zi_ethernet.elf.dir/C_/serg/my/github/STM32/stm32f7lib/eth/eth_queue.c.obj
                0x08000d1c                ETH_USER_QueuePoll
 .text.ETH_QueueInit
                0x08000d2c        0xc CMakeFiles/nucleo_f767zi_ethernet.elf.dir/C_/serg/my/github/STM32/stm32f7lib/eth/eth_queue.c.obj
                0x08000d2c                ETH_QueueInit
 .text.ETH_ProcessQueue
                0x08000d38       0x54 CMakeFiles/nucleo_f767zi_ethernet.elf.dir/C_/serg/my/github/STM32/stm32f7lib/eth/eth_queue.c.obj
                0x08000d38                ETH_ProcessQueue
 .text.ETH_UDP_BroadcastHandler
                0x08000d8c       0x38 CMakeFiles/nucleo_f767zi_ethernet.elf.dir/C_/serg/my/github/STM32/stm32f7lib/eth/eth_udp.c.obj
                0x08000d8c                ETH_UDP_BroadcastHandler
 .text.ETH_DHCP_Send
                0x08000dc4      0x164 CMakeFiles/nucleo_f767zi_ethernet.elf.dir/C_/serg/my/github/STM32/stm32f7lib/eth/eth_udp.c.obj
                0x08000dc4                ETH_DHCP_Send
 .text.GPIO_Init
                0x08000f28      0x1c4 CMakeFiles/nucleo_f767zi_ethernet.elf.dir/C_/serg/my/github/STM32/stm32f7lib/gpio.c.obj
                0x08000f28                GPIO_Init
 .text.NVIC_Init
                0x080010ec       0x58 CMakeFiles/nucleo_f767zi_ethernet.elf.dir/C_/serg/my/github/STM32/stm32f7lib/nvic.c.obj
                0x080010ec                NVIC_Init
 .text.systick_set_reload
                0x08001144       0x10 CMakeFiles/nucleo_f767zi_ethernet.elf.dir/C_/serg/my/github/STM32/stm32f7lib/systick.c.obj
                0x08001144                systick_set_reload
 .text.systick_set_clocksource
                0x08001154       0x18 CMakeFiles/nucleo_f767zi_ethernet.elf.dir/C_/serg/my/github/STM32/stm32f7lib/systick.c.obj
                0x08001154                systick_set_clocksource
 .text.systick_interrupt_enable
                0x0800116c       0x10 CMakeFiles/nucleo_f767zi_ethernet.elf.dir/C_/serg/my/github/STM32/stm32f7lib/systick.c.obj
                0x0800116c                systick_interrupt_enable
 .text.systick_interrupt_disable
                0x0800117c       0x10 CMakeFiles/nucleo_f767zi_ethernet.elf.dir/C_/serg/my/github/STM32/stm32f7lib/systick.c.obj
                0x0800117c                systick_interrupt_disable
 .text.systick_counter_enable
                0x0800118c       0x10 CMakeFiles/nucleo_f767zi_ethernet.elf.dir/C_/serg/my/github/STM32/stm32f7lib/systick.c.obj
                0x0800118c                systick_counter_enable
 .text.systick_counter_disable
                0x0800119c       0x10 CMakeFiles/nucleo_f767zi_ethernet.elf.dir/C_/serg/my/github/STM32/stm32f7lib/systick.c.obj
                0x0800119c                systick_counter_disable
 .text.UART_SetConfig
                0x080011ac      0x36c CMakeFiles/nucleo_f767zi_ethernet.elf.dir/C_/serg/my/github/STM32/stm32f7lib/uart.c.obj
 .text.UART_WaitOnFlagUntilTimeout
                0x08001518       0x3c CMakeFiles/nucleo_f767zi_ethernet.elf.dir/C_/serg/my/github/STM32/stm32f7lib/uart.c.obj
 .text.UART_CheckIdleState
                0x08001554       0x20 CMakeFiles/nucleo_f767zi_ethernet.elf.dir/C_/serg/my/github/STM32/stm32f7lib/uart.c.obj
 .text.UART_Init
                0x08001574       0x30 CMakeFiles/nucleo_f767zi_ethernet.elf.dir/C_/serg/my/github/STM32/stm32f7lib/uart.c.obj
                0x08001574                UART_Init
 .text.ETH_UDP_Handler
                0x080015a4        0x2 CMakeFiles/nucleo_f767zi_ethernet.elf.dir/src/eth_handler.c.obj
                0x080015a4                ETH_UDP_Handler
 *fill*         0x080015a6        0x2 
 .text.ETH_UserRxCpltCallback
                0x080015a8       0x60 CMakeFiles/nucleo_f767zi_ethernet.elf.dir/src/eth_handler.c.obj
                0x080015a8                ETH_UserRxCpltCallback
 .text.SysTick_Handler
                0x08001608       0x10 CMakeFiles/nucleo_f767zi_ethernet.elf.dir/src/hal.c.obj
                0x08001608                SysTick_Handler
 .text.systick_start
                0x08001618       0x16 CMakeFiles/nucleo_f767zi_ethernet.elf.dir/src/hal.c.obj
                0x08001618                systick_start
 .text.systick_stop
                0x0800162e        0xc CMakeFiles/nucleo_f767zi_ethernet.elf.dir/src/hal.c.obj
                0x0800162e                systick_stop
 *fill*         0x0800163a        0x2 
 .text.systick_wait
                0x0800163c       0x14 CMakeFiles/nucleo_f767zi_ethernet.elf.dir/src/hal.c.obj
                0x0800163c                systick_wait
 .text.delay    0x08001650       0x10 CMakeFiles/nucleo_f767zi_ethernet.elf.dir/src/hal.c.obj
                0x08001650                delay
 .text.delayms  0x08001660       0x14 CMakeFiles/nucleo_f767zi_ethernet.elf.dir/src/hal.c.obj
                0x08001660                delayms
 .text.ETH_IRQHandler
                0x08001674        0x8 CMakeFiles/nucleo_f767zi_ethernet.elf.dir/src/hal.c.obj
                0x08001674                ETH_IRQHandler
 .text.main     0x0800167c       0xac CMakeFiles/nucleo_f767zi_ethernet.elf.dir/src/main.c.obj
                0x0800167c                main
 .text.Reset_Handler
                0x08001728       0x50 CMakeFiles/nucleo_f767zi_ethernet.elf.dir/src/startup_stm32f767xx.s.obj
                0x08001728                Reset_Handler
 .text.Default_Handler
                0x08001778        0x2 CMakeFiles/nucleo_f767zi_ethernet.elf.dir/src/startup_stm32f767xx.s.obj
                0x08001778                RTC_Alarm_IRQHandler
                0x08001778                EXTI2_IRQHandler
                0x08001778                TIM8_CC_IRQHandler
                0x08001778                DebugMon_Handler
                0x08001778                UART8_IRQHandler
                0x08001778                SPI4_IRQHandler
                0x08001778                TIM1_CC_IRQHandler
                0x08001778                DMA2_Stream5_IRQHandler
                0x08001778                HardFault_Handler
                0x08001778                JPEG_IRQHandler
                0x08001778                DMA1_Stream5_IRQHandler
                0x08001778                CAN3_RX1_IRQHandler
                0x08001778                PVD_IRQHandler
                0x08001778                TAMP_STAMP_IRQHandler
                0x08001778                PendSV_Handler
                0x08001778                NMI_Handler
                0x08001778                CAN2_RX1_IRQHandler
                0x08001778                EXTI3_IRQHandler
                0x08001778                TIM8_TRG_COM_TIM14_IRQHandler
                0x08001778                DFSDM1_FLT1_IRQHandler
                0x08001778                TIM1_UP_TIM10_IRQHandler
                0x08001778                TIM8_UP_TIM13_IRQHandler
                0x08001778                I2C3_ER_IRQHandler
                0x08001778                DFSDM1_FLT2_IRQHandler
                0x08001778                EXTI0_IRQHandler
                0x08001778                I2C2_EV_IRQHandler
                0x08001778                DMA1_Stream2_IRQHandler
                0x08001778                CAN1_RX0_IRQHandler
                0x08001778                FPU_IRQHandler
                0x08001778                OTG_HS_WKUP_IRQHandler
                0x08001778                CAN3_SCE_IRQHandler
                0x08001778                UsageFault_Handler
                0x08001778                LTDC_ER_IRQHandler
                0x08001778                CAN2_SCE_IRQHandler
                0x08001778                DMA2_Stream2_IRQHandler
                0x08001778                SPI1_IRQHandler
                0x08001778                TIM6_DAC_IRQHandler
                0x08001778                TIM1_BRK_TIM9_IRQHandler
                0x08001778                DCMI_IRQHandler
                0x08001778                CAN2_RX0_IRQHandler
                0x08001778                DMA2_Stream3_IRQHandler
                0x08001778                SAI2_IRQHandler
                0x08001778                DFSDM1_FLT3_IRQHandler
                0x08001778                USART6_IRQHandler
                0x08001778                CAN3_RX0_IRQHandler
                0x08001778                USART3_IRQHandler
                0x08001778                CAN1_RX1_IRQHandler
                0x08001778                UART5_IRQHandler
                0x08001778                DMA2_Stream0_IRQHandler
                0x08001778                TIM4_IRQHandler
                0x08001778                QUADSPI_IRQHandler
                0x08001778                I2C1_EV_IRQHandler
                0x08001778                DMA1_Stream6_IRQHandler
                0x08001778                DMA1_Stream1_IRQHandler
                0x08001778                UART4_IRQHandler
                0x08001778                TIM3_IRQHandler
                0x08001778                RCC_IRQHandler
                0x08001778                TIM8_BRK_TIM12_IRQHandler
                0x08001778                Default_Handler
                0x08001778                CEC_IRQHandler
                0x08001778                EXTI15_10_IRQHandler
                0x08001778                ADC_IRQHandler
                0x08001778                DMA1_Stream7_IRQHandler
                0x08001778                SPI5_IRQHandler
                0x08001778                TIM7_IRQHandler
                0x08001778                SDMMC1_IRQHandler
                0x08001778                CAN2_TX_IRQHandler
                0x08001778                TIM5_IRQHandler
                0x08001778                DMA2_Stream7_IRQHandler
                0x08001778                I2C3_EV_IRQHandler
                0x08001778                EXTI9_5_IRQHandler
                0x08001778                RTC_WKUP_IRQHandler
                0x08001778                LTDC_IRQHandler
                0x08001778                ETH_WKUP_IRQHandler
                0x08001778                SPDIF_RX_IRQHandler
                0x08001778                SPI2_IRQHandler
                0x08001778                OTG_HS_EP1_IN_IRQHandler
                0x08001778                MemManage_Handler
                0x08001778                DMA1_Stream0_IRQHandler
                0x08001778                CAN1_TX_IRQHandler
                0x08001778                SVC_Handler
                0x08001778                EXTI4_IRQHandler
                0x08001778                RNG_IRQHandler
                0x08001778                OTG_HS_EP1_OUT_IRQHandler
                0x08001778                WWDG_IRQHandler
                0x08001778                SPI6_IRQHandler
                0x08001778                MDIOS_IRQHandler
                0x08001778                I2C4_EV_IRQHandler
                0x08001778                CAN3_TX_IRQHandler
                0x08001778                TIM2_IRQHandler
                0x08001778                OTG_FS_WKUP_IRQHandler
                0x08001778                TIM1_TRG_COM_TIM11_IRQHandler
                0x08001778                OTG_HS_IRQHandler
                0x08001778                DMA2D_IRQHandler
                0x08001778                EXTI1_IRQHandler
                0x08001778                SDMMC2_IRQHandler
                0x08001778                UART7_IRQHandler
                0x08001778                USART2_IRQHandler
                0x08001778                DFSDM1_FLT0_IRQHandler
                0x08001778                I2C2_ER_IRQHandler
                0x08001778                DMA2_Stream1_IRQHandler
                0x08001778                CAN1_SCE_IRQHandler
                0x08001778                FLASH_IRQHandler
                0x08001778                DMA2_Stream4_IRQHandler
                0x08001778                BusFault_Handler
                0x08001778                USART1_IRQHandler
                0x08001778                OTG_FS_IRQHandler
                0x08001778                SPI3_IRQHandler
                0x08001778                DMA1_Stream4_IRQHandler
                0x08001778                I2C1_ER_IRQHandler
                0x08001778                FMC_IRQHandler
                0x08001778                LPTIM1_IRQHandler
                0x08001778                I2C4_ER_IRQHandler
                0x08001778                DMA2_Stream6_IRQHandler
                0x08001778                SAI1_IRQHandler
                0x08001778                DMA1_Stream3_IRQHandler
 *fill*         0x0800177a        0x2 
 .text.GPIOInit
                0x0800177c       0x50 CMakeFiles/nucleo_f767zi_ethernet.elf.dir/src/system_init.c.obj
 .text.USART3Init
                0x080017cc       0x3c CMakeFiles/nucleo_f767zi_ethernet.elf.dir/src/system_init.c.obj
 .text.ETHInit  0x08001808       0x78 CMakeFiles/nucleo_f767zi_ethernet.elf.dir/src/system_init.c.obj
 .text.SystemInit
                0x08001880      0x1a4 CMakeFiles/nucleo_f767zi_ethernet.elf.dir/src/system_init.c.obj
                0x08001880                SystemInit
 .text.__libc_init_array
                0x08001a24       0x48 c:/armgcc/bin/../lib/gcc/arm-none-eabi/8.3.1/../../../../arm-none-eabi/lib/thumb/v7e-m+fp/hard\libg_nano.a(lib_a-init.o)
                0x08001a24                __libc_init_array
 .text.memcpy   0x08001a6c       0x1c c:/armgcc/bin/../lib/gcc/arm-none-eabi/8.3.1/../../../../arm-none-eabi/lib/thumb/v7e-m+fp/hard\libg_nano.a(lib_a-memcpy-stub.o)
                0x08001a6c                memcpy
 .text.memset   0x08001a88       0x10 c:/armgcc/bin/../lib/gcc/arm-none-eabi/8.3.1/../../../../arm-none-eabi/lib/thumb/v7e-m+fp/hard\libg_nano.a(lib_a-memset.o)
                0x08001a88                memset
 .text.strcpy   0x08001a98       0x10 c:/armgcc/bin/../lib/gcc/arm-none-eabi/8.3.1/../../../../arm-none-eabi/lib/thumb/v7e-m+fp/hard\libg_nano.a(lib_a-strcpy.o)
                0x08001a98                strcpy
 *(.glue_7)
 .glue_7        0x08001aa8        0x0 linker stubs
 *(.glue_7t)
 .glue_7t       0x08001aa8        0x0 linker stubs
 *(.eh_frame)
 .eh_frame      0x08001aa8        0x0 c:/armgcc/bin/../lib/gcc/arm-none-eabi/8.3.1/thumb/v7e-m+fp/hard/crtbegin.o
 *(.init)
 .init          0x08001aa8        0x4 c:/armgcc/bin/../lib/gcc/arm-none-eabi/8.3.1/thumb/v7e-m+fp/hard/crti.o
                0x08001aa8                _init
 .init          0x08001aac        0x8 c:/armgcc/bin/../lib/gcc/arm-none-eabi/8.3.1/thumb/v7e-m+fp/hard/crtn.o
 *(.fini)
 .fini          0x08001ab4        0x4 c:/armgcc/bin/../lib/gcc/arm-none-eabi/8.3.1/thumb/v7e-m+fp/hard/crti.o
                0x08001ab4                _fini
 .fini          0x08001ab8        0x8 c:/armgcc/bin/../lib/gcc/arm-none-eabi/8.3.1/thumb/v7e-m+fp/hard/crtn.o
                0x08001ac0                . = ALIGN (0x4)
                0x08001ac0                _etext = .

.vfp11_veneer   0x08001ac0        0x0
 .vfp11_veneer  0x08001ac0        0x0 linker stubs

.v4_bx          0x08001ac0        0x0
 .v4_bx         0x08001ac0        0x0 linker stubs

.iplt           0x08001ac0        0x0
 .iplt          0x08001ac0        0x0 c:/armgcc/bin/../lib/gcc/arm-none-eabi/8.3.1/thumb/v7e-m+fp/hard/crtbegin.o

.rodata         0x08001ac0       0x3c
                0x08001ac0                . = ALIGN (0x4)
 *(.rodata)
 *(.rodata*)
 .rodata.BROADCAST_IP
                0x08001ac0        0x4 CMakeFiles/nucleo_f767zi_ethernet.elf.dir/C_/serg/my/github/STM32/stm32f7lib/eth/eth_ipv4.c.obj
                0x08001ac0                BROADCAST_IP
 .rodata.UARTCfg
                0x08001ac4       0x20 CMakeFiles/nucleo_f767zi_ethernet.elf.dir/src/main.c.obj
                0x08001ac4                UARTCfg
 .rodata.macaddress
                0x08001ae4        0x6 CMakeFiles/nucleo_f767zi_ethernet.elf.dir/src/main.c.obj
                0x08001ae4                macaddress
 *fill*         0x08001aea        0x2 
 .rodata.main.str1.4
                0x08001aec       0x10 CMakeFiles/nucleo_f767zi_ethernet.elf.dir/src/main.c.obj
                                  0xe (size before relaxing)
                0x08001afc                . = ALIGN (0x4)

.rel.dyn        0x08001afc        0x0
 .rel.iplt      0x08001afc        0x0 c:/armgcc/bin/../lib/gcc/arm-none-eabi/8.3.1/thumb/v7e-m+fp/hard/crtbegin.o

.ARM.extab
 *(.ARM.extab* .gnu.linkonce.armextab.*)

.ARM            0x08001afc        0x0
                0x08001afc                __exidx_start = .
 *(.ARM.exidx*)
                0x08001afc                __exidx_end = .

.preinit_array  0x08001afc        0x0
                0x08001afc                PROVIDE (__preinit_array_start = .)
 *(.preinit_array*)
                0x08001afc                PROVIDE (__preinit_array_end = .)

.init_array     0x08001afc        0x4
                0x08001afc                PROVIDE (__init_array_start = .)
 *(SORT_BY_NAME(.init_array.*))
 *(.init_array*)
 .init_array    0x08001afc        0x4 c:/armgcc/bin/../lib/gcc/arm-none-eabi/8.3.1/thumb/v7e-m+fp/hard/crtbegin.o
                0x08001b00                PROVIDE (__init_array_end = .)

.fini_array     0x08001b00        0x4
                [!provide]                PROVIDE (__fini_array_start = .)
 *(SORT_BY_NAME(.fini_array.*))
 *(.fini_array*)
 .fini_array    0x08001b00        0x4 c:/armgcc/bin/../lib/gcc/arm-none-eabi/8.3.1/thumb/v7e-m+fp/hard/crtbegin.o
                [!provide]                PROVIDE (__fini_array_end = .)
                0x08001b04                _sidata = LOADADDR (.data)

.data           0x20020000        0x0 load address 0x08001b04
                0x20020000                . = ALIGN (0x4)
                0x20020000                _sdata = .
 *(.data)
 *(.data*)
                0x20020000                . = ALIGN (0x4)
                0x20020000                _edata = .

.igot.plt       0x20020000        0x0 load address 0x08001b04
 .igot.plt      0x20020000        0x0 c:/armgcc/bin/../lib/gcc/arm-none-eabi/8.3.1/thumb/v7e-m+fp/hard/crtbegin.o
                0x20020000                . = ALIGN (0x4)

.bss            0x20020000       0x70 load address 0x08001b04
                0x20020000                _sbss = .
                0x20020000                __bss_start__ = _sbss
 *(.bss)
 .bss           0x20020000       0x1c c:/armgcc/bin/../lib/gcc/arm-none-eabi/8.3.1/thumb/v7e-m+fp/hard/crtbegin.o
 *(.bss*)
 *(COMMON)
 COMMON         0x2002001c       0x4c CMakeFiles/nucleo_f767zi_ethernet.elf.dir/C_/serg/my/github/STM32/stm32f7lib/eth/eth.c.obj
                0x2002001c                ETHInstance
 COMMON         0x20020068        0x4 CMakeFiles/nucleo_f767zi_ethernet.elf.dir/src/eth_handler.c.obj
                0x20020068                led_counter
 COMMON         0x2002006c        0x4 CMakeFiles/nucleo_f767zi_ethernet.elf.dir/src/hal.c.obj
                0x2002006c                Sys_Tick
                0x20020070                . = ALIGN (0x4)
                0x20020070                _ebss = .
                0x20020070                __bss_end__ = _ebss

._user_heap_stack
                0x20020070      0x400 load address 0x08001b04
                0x20020070                . = ALIGN (0x8)
                0x20020070                PROVIDE (end = .)
                [!provide]                PROVIDE (_end = .)
                0x20020070                . = (. + _Min_Heap_Size)
                0x20020470                . = (. + _Min_Stack_Size)
 *fill*         0x20020070      0x400 
                0x20020470                . = ALIGN (0x8)

/DISCARD/
 libc.a(*)
 libm.a(*)
 libgcc.a(*)

.ARM.attributes
                0x00000000       0x30
 *(.ARM.attributes)
 .ARM.attributes
                0x00000000       0x1e c:/armgcc/bin/../lib/gcc/arm-none-eabi/8.3.1/thumb/v7e-m+fp/hard/crti.o
 .ARM.attributes
                0x0000001e       0x34 c:/armgcc/bin/../lib/gcc/arm-none-eabi/8.3.1/thumb/v7e-m+fp/hard/crtbegin.o
 .ARM.attributes
                0x00000052       0x34 CMakeFiles/nucleo_f767zi_ethernet.elf.dir/C_/serg/my/github/STM32/common_lib/queue.c.obj
 .ARM.attributes
                0x00000086       0x34 CMakeFiles/nucleo_f767zi_ethernet.elf.dir/C_/serg/my/github/STM32/stm32f7lib/eth/eth.c.obj
 .ARM.attributes
                0x000000ba       0x34 CMakeFiles/nucleo_f767zi_ethernet.elf.dir/C_/serg/my/github/STM32/stm32f7lib/eth/eth_arp.c.obj
 .ARM.attributes
                0x000000ee       0x34 CMakeFiles/nucleo_f767zi_ethernet.elf.dir/C_/serg/my/github/STM32/stm32f7lib/eth/eth_callbacks.c.obj
 .ARM.attributes
                0x00000122       0x34 CMakeFiles/nucleo_f767zi_ethernet.elf.dir/C_/serg/my/github/STM32/stm32f7lib/eth/eth_icmp.c.obj
 .ARM.attributes
                0x00000156       0x34 CMakeFiles/nucleo_f767zi_ethernet.elf.dir/C_/serg/my/github/STM32/stm32f7lib/eth/eth_ipv4.c.obj
 .ARM.attributes
                0x0000018a       0x34 CMakeFiles/nucleo_f767zi_ethernet.elf.dir/C_/serg/my/github/STM32/stm32f7lib/eth/eth_queue.c.obj
 .ARM.attributes
                0x000001be       0x34 CMakeFiles/nucleo_f767zi_ethernet.elf.dir/C_/serg/my/github/STM32/stm32f7lib/eth/eth_udp.c.obj
 .ARM.attributes
                0x000001f2       0x34 CMakeFiles/nucleo_f767zi_ethernet.elf.dir/C_/serg/my/github/STM32/stm32f7lib/gpio.c.obj
 .ARM.attributes
                0x00000226       0x34 CMakeFiles/nucleo_f767zi_ethernet.elf.dir/C_/serg/my/github/STM32/stm32f7lib/nvic.c.obj
 .ARM.attributes
                0x0000025a       0x34 CMakeFiles/nucleo_f767zi_ethernet.elf.dir/C_/serg/my/github/STM32/stm32f7lib/systick.c.obj
 .ARM.attributes
                0x0000028e       0x34 CMakeFiles/nucleo_f767zi_ethernet.elf.dir/C_/serg/my/github/STM32/stm32f7lib/uart.c.obj
 .ARM.attributes
                0x000002c2       0x34 CMakeFiles/nucleo_f767zi_ethernet.elf.dir/src/eth_handler.c.obj
 .ARM.attributes
                0x000002f6       0x34 CMakeFiles/nucleo_f767zi_ethernet.elf.dir/src/hal.c.obj
 .ARM.attributes
                0x0000032a       0x34 CMakeFiles/nucleo_f767zi_ethernet.elf.dir/src/main.c.obj
 .ARM.attributes
                0x0000035e       0x21 CMakeFiles/nucleo_f767zi_ethernet.elf.dir/src/startup_stm32f767xx.s.obj
 .ARM.attributes
                0x0000037f       0x34 CMakeFiles/nucleo_f767zi_ethernet.elf.dir/src/system_init.c.obj
 .ARM.attributes
                0x000003b3       0x34 c:/armgcc/bin/../lib/gcc/arm-none-eabi/8.3.1/../../../../arm-none-eabi/lib/thumb/v7e-m+fp/hard\libg_nano.a(lib_a-init.o)
 .ARM.attributes
                0x000003e7       0x34 c:/armgcc/bin/../lib/gcc/arm-none-eabi/8.3.1/../../../../arm-none-eabi/lib/thumb/v7e-m+fp/hard\libg_nano.a(lib_a-memcpy-stub.o)
 .ARM.attributes
                0x0000041b       0x34 c:/armgcc/bin/../lib/gcc/arm-none-eabi/8.3.1/../../../../arm-none-eabi/lib/thumb/v7e-m+fp/hard\libg_nano.a(lib_a-memset.o)
 .ARM.attributes
                0x0000044f       0x34 c:/armgcc/bin/../lib/gcc/arm-none-eabi/8.3.1/../../../../arm-none-eabi/lib/thumb/v7e-m+fp/hard\libg_nano.a(lib_a-strcpy.o)
 .ARM.attributes
                0x00000483       0x17 c:/armgcc/bin/../lib/gcc/arm-none-eabi/8.3.1/../../../../arm-none-eabi/lib/thumb/v7e-m+fp/hard\libg_nano.a(lib_a-strlen.o)
 .ARM.attributes
                0x0000049a       0x1e c:/armgcc/bin/../lib/gcc/arm-none-eabi/8.3.1/thumb/v7e-m+fp/hard/crtn.o
OUTPUT(nucleo_f767zi_ethernet.elf elf32-littlearm)

.debug_info     0x00000000     0xc0e7
 .debug_info    0x00000000      0x1e3 CMakeFiles/nucleo_f767zi_ethernet.elf.dir/C_/serg/my/github/STM32/common_lib/queue.c.obj
 .debug_info    0x000001e3     0x1279 CMakeFiles/nucleo_f767zi_ethernet.elf.dir/C_/serg/my/github/STM32/stm32f7lib/eth/eth.c.obj
 .debug_info    0x0000145c      0xb43 CMakeFiles/nucleo_f767zi_ethernet.elf.dir/C_/serg/my/github/STM32/stm32f7lib/eth/eth_arp.c.obj
 .debug_info    0x00001f9f      0x9eb CMakeFiles/nucleo_f767zi_ethernet.elf.dir/C_/serg/my/github/STM32/stm32f7lib/eth/eth_callbacks.c.obj
 .debug_info    0x0000298a     0x13d0 CMakeFiles/nucleo_f767zi_ethernet.elf.dir/C_/serg/my/github/STM32/stm32f7lib/eth/eth_icmp.c.obj
 .debug_info    0x00003d5a      0xb10 CMakeFiles/nucleo_f767zi_ethernet.elf.dir/C_/serg/my/github/STM32/stm32f7lib/eth/eth_ipv4.c.obj
 .debug_info    0x0000486a     0x1383 CMakeFiles/nucleo_f767zi_ethernet.elf.dir/C_/serg/my/github/STM32/stm32f7lib/eth/eth_queue.c.obj
 .debug_info    0x00005bed     0x1721 CMakeFiles/nucleo_f767zi_ethernet.elf.dir/C_/serg/my/github/STM32/stm32f7lib/eth/eth_udp.c.obj
 .debug_info    0x0000730e      0x4a4 CMakeFiles/nucleo_f767zi_ethernet.elf.dir/C_/serg/my/github/STM32/stm32f7lib/gpio.c.obj
 .debug_info    0x000077b2      0x6d5 CMakeFiles/nucleo_f767zi_ethernet.elf.dir/C_/serg/my/github/STM32/stm32f7lib/nvic.c.obj
 .debug_info    0x00007e87      0x264 CMakeFiles/nucleo_f767zi_ethernet.elf.dir/C_/serg/my/github/STM32/stm32f7lib/systick.c.obj
 .debug_info    0x000080eb     0x1142 CMakeFiles/nucleo_f767zi_ethernet.elf.dir/C_/serg/my/github/STM32/stm32f7lib/uart.c.obj
 .debug_info    0x0000922d      0x9b5 CMakeFiles/nucleo_f767zi_ethernet.elf.dir/src/eth_handler.c.obj
 .debug_info    0x00009be2      0xa15 CMakeFiles/nucleo_f767zi_ethernet.elf.dir/src/hal.c.obj
 .debug_info    0x0000a5f7      0xbbd CMakeFiles/nucleo_f767zi_ethernet.elf.dir/src/main.c.obj
 .debug_info    0x0000b1b4       0x22 CMakeFiles/nucleo_f767zi_ethernet.elf.dir/src/startup_stm32f767xx.s.obj
 .debug_info    0x0000b1d6      0xf11 CMakeFiles/nucleo_f767zi_ethernet.elf.dir/src/system_init.c.obj

.debug_abbrev   0x00000000     0x1f7f
 .debug_abbrev  0x00000000      0x109 CMakeFiles/nucleo_f767zi_ethernet.elf.dir/C_/serg/my/github/STM32/common_lib/queue.c.obj
 .debug_abbrev  0x00000109      0x2a3 CMakeFiles/nucleo_f767zi_ethernet.elf.dir/C_/serg/my/github/STM32/stm32f7lib/eth/eth.c.obj
 .debug_abbrev  0x000003ac      0x208 CMakeFiles/nucleo_f767zi_ethernet.elf.dir/C_/serg/my/github/STM32/stm32f7lib/eth/eth_arp.c.obj
 .debug_abbrev  0x000005b4      0x1c5 CMakeFiles/nucleo_f767zi_ethernet.elf.dir/C_/serg/my/github/STM32/stm32f7lib/eth/eth_callbacks.c.obj
 .debug_abbrev  0x00000779      0x290 CMakeFiles/nucleo_f767zi_ethernet.elf.dir/C_/serg/my/github/STM32/stm32f7lib/eth/eth_icmp.c.obj
 .debug_abbrev  0x00000a09      0x1e6 CMakeFiles/nucleo_f767zi_ethernet.elf.dir/C_/serg/my/github/STM32/stm32f7lib/eth/eth_ipv4.c.obj
 .debug_abbrev  0x00000bef      0x2be CMakeFiles/nucleo_f767zi_ethernet.elf.dir/C_/serg/my/github/STM32/stm32f7lib/eth/eth_queue.c.obj
 .debug_abbrev  0x00000ead      0x2a8 CMakeFiles/nucleo_f767zi_ethernet.elf.dir/C_/serg/my/github/STM32/stm32f7lib/eth/eth_udp.c.obj
 .debug_abbrev  0x00001155      0x17e CMakeFiles/nucleo_f767zi_ethernet.elf.dir/C_/serg/my/github/STM32/stm32f7lib/gpio.c.obj
 .debug_abbrev  0x000012d3      0x175 CMakeFiles/nucleo_f767zi_ethernet.elf.dir/C_/serg/my/github/STM32/stm32f7lib/nvic.c.obj
 .debug_abbrev  0x00001448      0x13f CMakeFiles/nucleo_f767zi_ethernet.elf.dir/C_/serg/my/github/STM32/stm32f7lib/systick.c.obj
 .debug_abbrev  0x00001587      0x2c4 CMakeFiles/nucleo_f767zi_ethernet.elf.dir/C_/serg/my/github/STM32/stm32f7lib/uart.c.obj
 .debug_abbrev  0x0000184b      0x187 CMakeFiles/nucleo_f767zi_ethernet.elf.dir/src/eth_handler.c.obj
 .debug_abbrev  0x000019d2      0x1bf CMakeFiles/nucleo_f767zi_ethernet.elf.dir/src/hal.c.obj
 .debug_abbrev  0x00001b91      0x1a8 CMakeFiles/nucleo_f767zi_ethernet.elf.dir/src/main.c.obj
 .debug_abbrev  0x00001d39       0x12 CMakeFiles/nucleo_f767zi_ethernet.elf.dir/src/startup_stm32f767xx.s.obj
 .debug_abbrev  0x00001d4b      0x234 CMakeFiles/nucleo_f767zi_ethernet.elf.dir/src/system_init.c.obj

.debug_loc      0x00000000     0x1cf7
 .debug_loc     0x00000000       0xdb CMakeFiles/nucleo_f767zi_ethernet.elf.dir/C_/serg/my/github/STM32/common_lib/queue.c.obj
 .debug_loc     0x000000db      0x65c CMakeFiles/nucleo_f767zi_ethernet.elf.dir/C_/serg/my/github/STM32/stm32f7lib/eth/eth.c.obj
 .debug_loc     0x00000737      0x221 CMakeFiles/nucleo_f767zi_ethernet.elf.dir/C_/serg/my/github/STM32/stm32f7lib/eth/eth_arp.c.obj
 .debug_loc     0x00000958       0x88 CMakeFiles/nucleo_f767zi_ethernet.elf.dir/C_/serg/my/github/STM32/stm32f7lib/eth/eth_callbacks.c.obj
 .debug_loc     0x000009e0      0x10c CMakeFiles/nucleo_f767zi_ethernet.elf.dir/C_/serg/my/github/STM32/stm32f7lib/eth/eth_icmp.c.obj
 .debug_loc     0x00000aec       0x94 CMakeFiles/nucleo_f767zi_ethernet.elf.dir/C_/serg/my/github/STM32/stm32f7lib/eth/eth_ipv4.c.obj
 .debug_loc     0x00000b80       0xad CMakeFiles/nucleo_f767zi_ethernet.elf.dir/C_/serg/my/github/STM32/stm32f7lib/eth/eth_queue.c.obj
 .debug_loc     0x00000c2d      0x29c CMakeFiles/nucleo_f767zi_ethernet.elf.dir/C_/serg/my/github/STM32/stm32f7lib/eth/eth_udp.c.obj
 .debug_loc     0x00000ec9      0x402 CMakeFiles/nucleo_f767zi_ethernet.elf.dir/C_/serg/my/github/STM32/stm32f7lib/gpio.c.obj
 .debug_loc     0x000012cb      0x207 CMakeFiles/nucleo_f767zi_ethernet.elf.dir/C_/serg/my/github/STM32/stm32f7lib/nvic.c.obj
 .debug_loc     0x000014d2       0x8c CMakeFiles/nucleo_f767zi_ethernet.elf.dir/C_/serg/my/github/STM32/stm32f7lib/systick.c.obj
 .debug_loc     0x0000155e      0x5c8 CMakeFiles/nucleo_f767zi_ethernet.elf.dir/C_/serg/my/github/STM32/stm32f7lib/uart.c.obj
 .debug_loc     0x00001b26       0x6c CMakeFiles/nucleo_f767zi_ethernet.elf.dir/src/hal.c.obj
 .debug_loc     0x00001b92      0x165 CMakeFiles/nucleo_f767zi_ethernet.elf.dir/src/system_init.c.obj

.debug_aranges  0x00000000      0x3f8
 .debug_aranges
                0x00000000       0x38 CMakeFiles/nucleo_f767zi_ethernet.elf.dir/C_/serg/my/github/STM32/common_lib/queue.c.obj
 .debug_aranges
                0x00000038       0xa0 CMakeFiles/nucleo_f767zi_ethernet.elf.dir/C_/serg/my/github/STM32/stm32f7lib/eth/eth.c.obj
 .debug_aranges
                0x000000d8       0x30 CMakeFiles/nucleo_f767zi_ethernet.elf.dir/C_/serg/my/github/STM32/stm32f7lib/eth/eth_arp.c.obj
 .debug_aranges
                0x00000108       0x38 CMakeFiles/nucleo_f767zi_ethernet.elf.dir/C_/serg/my/github/STM32/stm32f7lib/eth/eth_callbacks.c.obj
 .debug_aranges
                0x00000140       0x20 CMakeFiles/nucleo_f767zi_ethernet.elf.dir/C_/serg/my/github/STM32/stm32f7lib/eth/eth_icmp.c.obj
 .debug_aranges
                0x00000160       0x20 CMakeFiles/nucleo_f767zi_ethernet.elf.dir/C_/serg/my/github/STM32/stm32f7lib/eth/eth_ipv4.c.obj
 .debug_aranges
                0x00000180       0x48 CMakeFiles/nucleo_f767zi_ethernet.elf.dir/C_/serg/my/github/STM32/stm32f7lib/eth/eth_queue.c.obj
 .debug_aranges
                0x000001c8       0x30 CMakeFiles/nucleo_f767zi_ethernet.elf.dir/C_/serg/my/github/STM32/stm32f7lib/eth/eth_udp.c.obj
 .debug_aranges
                0x000001f8       0x30 CMakeFiles/nucleo_f767zi_ethernet.elf.dir/C_/serg/my/github/STM32/stm32f7lib/gpio.c.obj
 .debug_aranges
                0x00000228       0x28 CMakeFiles/nucleo_f767zi_ethernet.elf.dir/C_/serg/my/github/STM32/stm32f7lib/nvic.c.obj
 .debug_aranges
                0x00000250       0x60 CMakeFiles/nucleo_f767zi_ethernet.elf.dir/C_/serg/my/github/STM32/stm32f7lib/systick.c.obj
 .debug_aranges
                0x000002b0       0x50 CMakeFiles/nucleo_f767zi_ethernet.elf.dir/C_/serg/my/github/STM32/stm32f7lib/uart.c.obj
 .debug_aranges
                0x00000300       0x28 CMakeFiles/nucleo_f767zi_ethernet.elf.dir/src/eth_handler.c.obj
 .debug_aranges
                0x00000328       0x50 CMakeFiles/nucleo_f767zi_ethernet.elf.dir/src/hal.c.obj
 .debug_aranges
                0x00000378       0x20 CMakeFiles/nucleo_f767zi_ethernet.elf.dir/src/main.c.obj
 .debug_aranges
                0x00000398       0x28 CMakeFiles/nucleo_f767zi_ethernet.elf.dir/src/startup_stm32f767xx.s.obj
 .debug_aranges
                0x000003c0       0x38 CMakeFiles/nucleo_f767zi_ethernet.elf.dir/src/system_init.c.obj

.debug_ranges   0x00000000      0x2f0
 .debug_ranges  0x00000000       0x28 CMakeFiles/nucleo_f767zi_ethernet.elf.dir/C_/serg/my/github/STM32/common_lib/queue.c.obj
 .debug_ranges  0x00000028       0x90 CMakeFiles/nucleo_f767zi_ethernet.elf.dir/C_/serg/my/github/STM32/stm32f7lib/eth/eth.c.obj
 .debug_ranges  0x000000b8       0x20 CMakeFiles/nucleo_f767zi_ethernet.elf.dir/C_/serg/my/github/STM32/stm32f7lib/eth/eth_arp.c.obj
 .debug_ranges  0x000000d8       0x28 CMakeFiles/nucleo_f767zi_ethernet.elf.dir/C_/serg/my/github/STM32/stm32f7lib/eth/eth_callbacks.c.obj
 .debug_ranges  0x00000100       0x10 CMakeFiles/nucleo_f767zi_ethernet.elf.dir/C_/serg/my/github/STM32/stm32f7lib/eth/eth_icmp.c.obj
 .debug_ranges  0x00000110       0x10 CMakeFiles/nucleo_f767zi_ethernet.elf.dir/C_/serg/my/github/STM32/stm32f7lib/eth/eth_ipv4.c.obj
 .debug_ranges  0x00000120       0x38 CMakeFiles/nucleo_f767zi_ethernet.elf.dir/C_/serg/my/github/STM32/stm32f7lib/eth/eth_queue.c.obj
 .debug_ranges  0x00000158       0x20 CMakeFiles/nucleo_f767zi_ethernet.elf.dir/C_/serg/my/github/STM32/stm32f7lib/eth/eth_udp.c.obj
 .debug_ranges  0x00000178       0x20 CMakeFiles/nucleo_f767zi_ethernet.elf.dir/C_/serg/my/github/STM32/stm32f7lib/gpio.c.obj
 .debug_ranges  0x00000198       0x18 CMakeFiles/nucleo_f767zi_ethernet.elf.dir/C_/serg/my/github/STM32/stm32f7lib/nvic.c.obj
 .debug_ranges  0x000001b0       0x50 CMakeFiles/nucleo_f767zi_ethernet.elf.dir/C_/serg/my/github/STM32/stm32f7lib/systick.c.obj
 .debug_ranges  0x00000200       0x40 CMakeFiles/nucleo_f767zi_ethernet.elf.dir/C_/serg/my/github/STM32/stm32f7lib/uart.c.obj
 .debug_ranges  0x00000240       0x18 CMakeFiles/nucleo_f767zi_ethernet.elf.dir/src/eth_handler.c.obj
 .debug_ranges  0x00000258       0x40 CMakeFiles/nucleo_f767zi_ethernet.elf.dir/src/hal.c.obj
 .debug_ranges  0x00000298       0x10 CMakeFiles/nucleo_f767zi_ethernet.elf.dir/src/main.c.obj
 .debug_ranges  0x000002a8       0x20 CMakeFiles/nucleo_f767zi_ethernet.elf.dir/src/startup_stm32f767xx.s.obj
 .debug_ranges  0x000002c8       0x28 CMakeFiles/nucleo_f767zi_ethernet.elf.dir/src/system_init.c.obj

.debug_line     0x00000000     0x40ec
 .debug_line    0x00000000      0x16b CMakeFiles/nucleo_f767zi_ethernet.elf.dir/C_/serg/my/github/STM32/common_lib/queue.c.obj
 .debug_line    0x0000016b      0xcb9 CMakeFiles/nucleo_f767zi_ethernet.elf.dir/C_/serg/my/github/STM32/stm32f7lib/eth/eth.c.obj
 .debug_line    0x00000e24      0x3cd CMakeFiles/nucleo_f767zi_ethernet.elf.dir/C_/serg/my/github/STM32/stm32f7lib/eth/eth_arp.c.obj
 .debug_line    0x000011f1      0x2af CMakeFiles/nucleo_f767zi_ethernet.elf.dir/C_/serg/my/github/STM32/stm32f7lib/eth/eth_callbacks.c.obj
 .debug_line    0x000014a0      0x349 CMakeFiles/nucleo_f767zi_ethernet.elf.dir/C_/serg/my/github/STM32/stm32f7lib/eth/eth_icmp.c.obj
 .debug_line    0x000017e9      0x25c CMakeFiles/nucleo_f767zi_ethernet.elf.dir/C_/serg/my/github/STM32/stm32f7lib/eth/eth_ipv4.c.obj
 .debug_line    0x00001a45      0x30b CMakeFiles/nucleo_f767zi_ethernet.elf.dir/C_/serg/my/github/STM32/stm32f7lib/eth/eth_queue.c.obj
 .debug_line    0x00001d50      0x5c2 CMakeFiles/nucleo_f767zi_ethernet.elf.dir/C_/serg/my/github/STM32/stm32f7lib/eth/eth_udp.c.obj
 .debug_line    0x00002312      0x569 CMakeFiles/nucleo_f767zi_ethernet.elf.dir/C_/serg/my/github/STM32/stm32f7lib/gpio.c.obj
 .debug_line    0x0000287b      0x211 CMakeFiles/nucleo_f767zi_ethernet.elf.dir/C_/serg/my/github/STM32/stm32f7lib/nvic.c.obj
 .debug_line    0x00002a8c      0x269 CMakeFiles/nucleo_f767zi_ethernet.elf.dir/C_/serg/my/github/STM32/stm32f7lib/systick.c.obj
 .debug_line    0x00002cf5      0x5bd CMakeFiles/nucleo_f767zi_ethernet.elf.dir/C_/serg/my/github/STM32/stm32f7lib/uart.c.obj
 .debug_line    0x000032b2      0x253 CMakeFiles/nucleo_f767zi_ethernet.elf.dir/src/eth_handler.c.obj
 .debug_line    0x00003505      0x2f8 CMakeFiles/nucleo_f767zi_ethernet.elf.dir/src/hal.c.obj
 .debug_line    0x000037fd      0x2c7 CMakeFiles/nucleo_f767zi_ethernet.elf.dir/src/main.c.obj
 .debug_line    0x00003ac4       0xaf CMakeFiles/nucleo_f767zi_ethernet.elf.dir/src/startup_stm32f767xx.s.obj
 .debug_line    0x00003b73      0x579 CMakeFiles/nucleo_f767zi_ethernet.elf.dir/src/system_init.c.obj

.debug_str      0x00000000     0x2694
 .debug_str     0x00000000      0x1b9 CMakeFiles/nucleo_f767zi_ethernet.elf.dir/C_/serg/my/github/STM32/common_lib/queue.c.obj
                                0x1df (size before relaxing)
 .debug_str     0x000001b9      0xaff CMakeFiles/nucleo_f767zi_ethernet.elf.dir/C_/serg/my/github/STM32/stm32f7lib/eth/eth.c.obj
                                0xcfc (size before relaxing)
 .debug_str     0x00000cb8      0x196 CMakeFiles/nucleo_f767zi_ethernet.elf.dir/C_/serg/my/github/STM32/stm32f7lib/eth/eth_arp.c.obj
                                0x8a3 (size before relaxing)
 .debug_str     0x00000e4e       0x69 CMakeFiles/nucleo_f767zi_ethernet.elf.dir/C_/serg/my/github/STM32/stm32f7lib/eth/eth_callbacks.c.obj
                                0x7e9 (size before relaxing)
 .debug_str     0x00000eb7      0x4db CMakeFiles/nucleo_f767zi_ethernet.elf.dir/C_/serg/my/github/STM32/stm32f7lib/eth/eth_icmp.c.obj
                                0xc9d (size before relaxing)
 .debug_str     0x00001392       0x8c CMakeFiles/nucleo_f767zi_ethernet.elf.dir/C_/serg/my/github/STM32/stm32f7lib/eth/eth_ipv4.c.obj
                                0x894 (size before relaxing)
 .debug_str     0x0000141e       0xe8 CMakeFiles/nucleo_f767zi_ethernet.elf.dir/C_/serg/my/github/STM32/stm32f7lib/eth/eth_queue.c.obj
                                0xc3f (size before relaxing)
 .debug_str     0x00001506      0x188 CMakeFiles/nucleo_f767zi_ethernet.elf.dir/C_/serg/my/github/STM32/stm32f7lib/eth/eth_udp.c.obj
                                0xe1f (size before relaxing)
 .debug_str     0x0000168e      0x10b CMakeFiles/nucleo_f767zi_ethernet.elf.dir/C_/serg/my/github/STM32/stm32f7lib/gpio.c.obj
                                0x371 (size before relaxing)
 .debug_str     0x00001799      0x211 CMakeFiles/nucleo_f767zi_ethernet.elf.dir/C_/serg/my/github/STM32/stm32f7lib/nvic.c.obj
                                0x46f (size before relaxing)
 .debug_str     0x000019aa      0x111 CMakeFiles/nucleo_f767zi_ethernet.elf.dir/C_/serg/my/github/STM32/stm32f7lib/systick.c.obj
                                0x327 (size before relaxing)
 .debug_str     0x00001abb      0x2df CMakeFiles/nucleo_f767zi_ethernet.elf.dir/C_/serg/my/github/STM32/stm32f7lib/uart.c.obj
                                0x9b4 (size before relaxing)
 .debug_str     0x00001d9a       0x55 CMakeFiles/nucleo_f767zi_ethernet.elf.dir/src/eth_handler.c.obj
                                0x7d9 (size before relaxing)
 .debug_str     0x00001def       0x97 CMakeFiles/nucleo_f767zi_ethernet.elf.dir/src/hal.c.obj
                                0x815 (size before relaxing)
 .debug_str     0x00001e86       0x84 CMakeFiles/nucleo_f767zi_ethernet.elf.dir/src/main.c.obj
                                0x87f (size before relaxing)
 .debug_str     0x00001f0a       0x5f CMakeFiles/nucleo_f767zi_ethernet.elf.dir/src/startup_stm32f767xx.s.obj
                                 0xa8 (size before relaxing)
 .debug_str     0x00001f69      0x72b CMakeFiles/nucleo_f767zi_ethernet.elf.dir/src/system_init.c.obj
                                0xc1b (size before relaxing)

.comment        0x00000000       0x76
 .comment       0x00000000       0x76 CMakeFiles/nucleo_f767zi_ethernet.elf.dir/C_/serg/my/github/STM32/common_lib/queue.c.obj
                                 0x77 (size before relaxing)
 .comment       0x00000076       0x77 CMakeFiles/nucleo_f767zi_ethernet.elf.dir/C_/serg/my/github/STM32/stm32f7lib/eth/eth.c.obj
 .comment       0x00000076       0x77 CMakeFiles/nucleo_f767zi_ethernet.elf.dir/C_/serg/my/github/STM32/stm32f7lib/eth/eth_arp.c.obj
 .comment       0x00000076       0x77 CMakeFiles/nucleo_f767zi_ethernet.elf.dir/C_/serg/my/github/STM32/stm32f7lib/eth/eth_callbacks.c.obj
 .comment       0x00000076       0x77 CMakeFiles/nucleo_f767zi_ethernet.elf.dir/C_/serg/my/github/STM32/stm32f7lib/eth/eth_icmp.c.obj
 .comment       0x00000076       0x77 CMakeFiles/nucleo_f767zi_ethernet.elf.dir/C_/serg/my/github/STM32/stm32f7lib/eth/eth_ipv4.c.obj
 .comment       0x00000076       0x77 CMakeFiles/nucleo_f767zi_ethernet.elf.dir/C_/serg/my/github/STM32/stm32f7lib/eth/eth_queue.c.obj
 .comment       0x00000076       0x77 CMakeFiles/nucleo_f767zi_ethernet.elf.dir/C_/serg/my/github/STM32/stm32f7lib/eth/eth_udp.c.obj
 .comment       0x00000076       0x77 CMakeFiles/nucleo_f767zi_ethernet.elf.dir/C_/serg/my/github/STM32/stm32f7lib/gpio.c.obj
 .comment       0x00000076       0x77 CMakeFiles/nucleo_f767zi_ethernet.elf.dir/C_/serg/my/github/STM32/stm32f7lib/nvic.c.obj
 .comment       0x00000076       0x77 CMakeFiles/nucleo_f767zi_ethernet.elf.dir/C_/serg/my/github/STM32/stm32f7lib/systick.c.obj
 .comment       0x00000076       0x77 CMakeFiles/nucleo_f767zi_ethernet.elf.dir/C_/serg/my/github/STM32/stm32f7lib/uart.c.obj
 .comment       0x00000076       0x77 CMakeFiles/nucleo_f767zi_ethernet.elf.dir/src/eth_handler.c.obj
 .comment       0x00000076       0x77 CMakeFiles/nucleo_f767zi_ethernet.elf.dir/src/hal.c.obj
 .comment       0x00000076       0x77 CMakeFiles/nucleo_f767zi_ethernet.elf.dir/src/main.c.obj
 .comment       0x00000076       0x77 CMakeFiles/nucleo_f767zi_ethernet.elf.dir/src/system_init.c.obj

.debug_frame    0x00000000      0x8a0
 .debug_frame   0x00000000       0x5c CMakeFiles/nucleo_f767zi_ethernet.elf.dir/C_/serg/my/github/STM32/common_lib/queue.c.obj
 .debug_frame   0x0000005c      0x1e0 CMakeFiles/nucleo_f767zi_ethernet.elf.dir/C_/serg/my/github/STM32/stm32f7lib/eth/eth.c.obj
 .debug_frame   0x0000023c       0x58 CMakeFiles/nucleo_f767zi_ethernet.elf.dir/C_/serg/my/github/STM32/stm32f7lib/eth/eth_arp.c.obj
 .debug_frame   0x00000294       0x58 CMakeFiles/nucleo_f767zi_ethernet.elf.dir/C_/serg/my/github/STM32/stm32f7lib/eth/eth_callbacks.c.obj
 .debug_frame   0x000002ec       0x30 CMakeFiles/nucleo_f767zi_ethernet.elf.dir/C_/serg/my/github/STM32/stm32f7lib/eth/eth_icmp.c.obj
 .debug_frame   0x0000031c       0x2c CMakeFiles/nucleo_f767zi_ethernet.elf.dir/C_/serg/my/github/STM32/stm32f7lib/eth/eth_ipv4.c.obj
 .debug_frame   0x00000348       0xac CMakeFiles/nucleo_f767zi_ethernet.elf.dir/C_/serg/my/github/STM32/stm32f7lib/eth/eth_queue.c.obj
 .debug_frame   0x000003f4       0x6c CMakeFiles/nucleo_f767zi_ethernet.elf.dir/C_/serg/my/github/STM32/stm32f7lib/eth/eth_udp.c.obj
 .debug_frame   0x00000460       0x6c CMakeFiles/nucleo_f767zi_ethernet.elf.dir/C_/serg/my/github/STM32/stm32f7lib/gpio.c.obj
 .debug_frame   0x000004cc       0x3c CMakeFiles/nucleo_f767zi_ethernet.elf.dir/C_/serg/my/github/STM32/stm32f7lib/nvic.c.obj
 .debug_frame   0x00000508       0xa0 CMakeFiles/nucleo_f767zi_ethernet.elf.dir/C_/serg/my/github/STM32/stm32f7lib/systick.c.obj
 .debug_frame   0x000005a8       0xe0 CMakeFiles/nucleo_f767zi_ethernet.elf.dir/C_/serg/my/github/STM32/stm32f7lib/uart.c.obj
 .debug_frame   0x00000688       0x30 CMakeFiles/nucleo_f767zi_ethernet.elf.dir/src/eth_handler.c.obj
 .debug_frame   0x000006b8       0xa8 CMakeFiles/nucleo_f767zi_ethernet.elf.dir/src/hal.c.obj
 .debug_frame   0x00000760       0x28 CMakeFiles/nucleo_f767zi_ethernet.elf.dir/src/main.c.obj
 .debug_frame   0x00000788       0x84 CMakeFiles/nucleo_f767zi_ethernet.elf.dir/src/system_init.c.obj
 .debug_frame   0x0000080c       0x2c c:/armgcc/bin/../lib/gcc/arm-none-eabi/8.3.1/../../../../arm-none-eabi/lib/thumb/v7e-m+fp/hard\libg_nano.a(lib_a-init.o)
 .debug_frame   0x00000838       0x28 c:/armgcc/bin/../lib/gcc/arm-none-eabi/8.3.1/../../../../arm-none-eabi/lib/thumb/v7e-m+fp/hard\libg_nano.a(lib_a-memcpy-stub.o)
 .debug_frame   0x00000860       0x20 c:/armgcc/bin/../lib/gcc/arm-none-eabi/8.3.1/../../../../arm-none-eabi/lib/thumb/v7e-m+fp/hard\libg_nano.a(lib_a-memset.o)
 .debug_frame   0x00000880       0x20 c:/armgcc/bin/../lib/gcc/arm-none-eabi/8.3.1/../../../../arm-none-eabi/lib/thumb/v7e-m+fp/hard\libg_nano.a(lib_a-strcpy.o)
